device: cuda  режим: BEVFusion (камера+лидар) + 3D-conv голова
кадров: train=324 val=80
параметров: 3.1 млн всего, 0.3 млн обучаемых
/home/voyrus/miniconda3/envs/mmdet3d/lib/python3.8/site-packages/torch/nn/modules/conv.py:459: UserWarning: Applied workaround for CuDNN issue, install nvrtc.so (Triggered internally at ../aten/src/ATen/native/cudnn/Conv_v8.cpp:80.)
  return F.conv2d(input, weight, bias, self.stride,
epoch 0  loss 0.7434  21s
IoU занятости  : 0.6645
Dice занятости : 0.7984
  под колёсами    IoU 0.8513  Dice 0.9197
  габарит         IoU 0.4920  Dice 0.6595
  над габаритом   IoU 0.6351  Dice 0.7768
ложные блокировки: pred=731279  gt=720756
слой   высота, м    IoU     Dice
  0     -0.80       0.9425  0.9704
  1     -0.40       0.7950  0.8858
  2      0.00       0.6569  0.7929
  3      0.40       0.5328  0.6952
  4      0.80       0.4543  0.6247
  5      1.20       0.4653  0.6351
  6      1.60       0.4918  0.6593
  7      2.00       0.5146  0.6795
  8      2.40       0.5338  0.6960
  9      2.80       0.5501  0.7098
 10      3.20       0.5600  0.7179
 11      3.60       0.6062  0.7548
 12      4.00       0.6528  0.7899
 13      4.40       0.6839  0.8123
 14      4.80       0.7519  0.8584
 15      5.20       0.8401  0.9131
false-block rate: 4.12%  (лишние торможения)
miss rate       : 29.27%  (риск столкновения)
соотношение fb/miss: 0.14
высота, м   false-block%   miss%
   1.5          3.71      28.22
   2.0          4.12      29.27
   2.5          4.20      29.35
   3.0          4.28      28.88
   3.5          4.61      26.82
   4.0          4.73      26.09
epoch 1  loss 0.5431  20s
IoU занятости  : 0.6002
Dice занятости : 0.7502
  под колёсами    IoU 0.8618  Dice 0.9258
  габарит         IoU 0.4500  Dice 0.6207
  над габаритом   IoU 0.5587  Dice 0.7168
ложные блокировки: pred=674879  gt=720756
слой   высота, м    IoU     Dice
  0     -0.80       0.9432  0.9708
  1     -0.40       0.8074  0.8934
  2      0.00       0.6796  0.8092
  3      0.40       0.5839  0.7373
  4      0.80       0.4696  0.6391
  5      1.20       0.4117  0.5833
  6      1.60       0.4018  0.5733
  7      2.00       0.4221  0.5937
  8      2.40       0.5324  0.6949
  9      2.80       0.5461  0.7064
 10      3.20       0.4269  0.5984
 11      3.60       0.4592  0.6294
 12      4.00       0.5360  0.6979
 13      4.40       0.6361  0.7776
 14      4.80       0.7530  0.8591
 15      5.20       0.8536  0.9210
false-block rate: 8.86%  (лишние торможения)
miss rate       : 7.51%  (риск столкновения)
соотношение fb/miss: 1.18
высота, м   false-block%   miss%
   1.5          6.61       8.21
   2.0          8.86       7.51
   2.5          9.15       8.05
   3.0          9.45       8.29
   3.5         11.01       5.73
   4.0         11.96       4.92
epoch 2  loss 0.4712  21s
IoU занятости  : 0.7061
Dice занятости : 0.8278
  под колёсами    IoU 0.8672  Dice 0.9289
  габарит         IoU 0.5417  Dice 0.7028
  над габаритом   IoU 0.6832  Dice 0.8118
ложные блокировки: pred=785727  gt=720756
слой   высота, м    IoU     Dice
  0     -0.80       0.9446  0.9715
  1     -0.40       0.8180  0.8999
  2      0.00       0.6686  0.8014
  3      0.40       0.5369  0.6987
  4      0.80       0.5218  0.6858
  5      1.20       0.5232  0.6870
  6      1.60       0.5493  0.7091
  7      2.00       0.5748  0.7300
  8      2.40       0.5859  0.7389
  9      2.80       0.6016  0.7513
 10      3.20       0.6230  0.7677
 11      3.60       0.6556  0.7920
 12      4.00       0.6978  0.8220
 13      4.40       0.7324  0.8455
 14      4.80       0.7869  0.8808
 15      5.20       0.8529  0.9206
false-block rate: 1.98%  (лишние торможения)
miss rate       : 36.00%  (риск столкновения)
соотношение fb/miss: 0.06
высота, м   false-block%   miss%
   1.5          1.53      38.32
   2.0          1.98      36.00
   2.5          2.17      34.94
   3.0          2.34      33.74
   3.5          2.53      32.43
   4.0          2.77      30.45
epoch 3  loss 0.4318  20s
IoU занятости  : 0.5235
Dice занятости : 0.6872
  под колёсами    IoU 0.8739  Dice 0.9327
  габарит         IoU 0.3892  Dice 0.5603
  над габаритом   IoU 0.4594  Dice 0.6295
ложные блокировки: pred=609818  gt=720756
слой   высота, м    IoU     Dice
  0     -0.80       0.9455  0.9720
  1     -0.40       0.8219  0.9023
  2      0.00       0.7133  0.8326
  3      0.40       0.5990  0.7492
  4      0.80       0.4680  0.6376
  5      1.20       0.3716  0.5419
  6      1.60       0.3221  0.4873
  7      2.00       0.3088  0.4718
  8      2.40       0.3189  0.4836
  9      2.80       0.3357  0.5027
 10      3.20       0.3716  0.5419
 11      3.60       0.4356  0.6068
 12      4.00       0.5287  0.6917
 13      4.40       0.6390  0.7797
 14      4.80       0.7514  0.8581
 15      5.20       0.8541  0.9213
false-block rate: 11.98%  (лишние торможения)
miss rate       : 3.49%  (риск столкновения)
соотношение fb/miss: 3.44
высота, м   false-block%   miss%
   1.5          7.55       4.98
   2.0         11.98       3.49
   2.5         13.10       3.13
   3.0         14.12       2.82
   3.5         14.87       2.59
   4.0         15.36       2.44
epoch 4  loss 0.3937  21s
IoU занятости  : 0.7094
Dice занятости : 0.8300
  под колёсами    IoU 0.8767  Dice 0.9343
  габарит         IoU 0.5652  Dice 0.7222
  над габаритом   IoU 0.6922  Dice 0.8181
ложные блокировки: pred=680293  gt=720756
слой   высота, м    IoU     Dice
  0     -0.80       0.9475  0.9730
  1     -0.40       0.8329  0.9089
  2      0.00       0.7155  0.8342
  3      0.40       0.6039  0.7531
  4      0.80       0.5342  0.6964
  5      1.20       0.5297  0.6926
  6      1.60       0.5716  0.7274
  7      2.00       0.5948  0.7460
  8      2.40       0.6059  0.7546
  9      2.80       0.6190  0.7647
 10      3.20       0.6399  0.7804
 11      3.60       0.6640  0.7981
 12      4.00       0.7138  0.8330
 13      4.40       0.7388  0.8498
 14      4.80       0.7636  0.8660
 15      5.20       0.8560  0.9224
false-block rate: 6.11%  (лишние торможения)
miss rate       : 7.15%  (риск столкновения)
соотношение fb/miss: 0.86
высота, м   false-block%   miss%
   1.5          5.51       4.61
   2.0          6.11       7.15
   2.5          6.31       8.04
   3.0          6.47       8.65
   3.5          6.65       8.68
   4.0          6.93       8.00
epoch 5  loss 0.3639  21s
IoU занятости  : 0.5326
Dice занятости : 0.6950
  под колёсами    IoU 0.8777  Dice 0.9349
  габарит         IoU 0.3780  Dice 0.5486
  над габаритом   IoU 0.4903  Dice 0.6580
ложные блокировки: pred=570135  gt=720756
слой   высота, м    IoU     Dice
  0     -0.80       0.9478  0.9732
  1     -0.40       0.8264  0.9050
  2      0.00       0.7217  0.8383
  3      0.40       0.5923  0.7440
  4      0.80       0.4501  0.6208
  5      1.20       0.3442  0.5121
  6      1.60       0.3095  0.4727
  7      2.00       0.3110  0.4744
  8      2.40       0.3357  0.5027
  9      2.80       0.3788  0.5495
 10      3.20       0.4119  0.5834
 11      3.60       0.4738  0.6430
 12      4.00       0.5461  0.7064
 13      4.40       0.6474  0.7860
 14      4.80       0.7518  0.8583
 15      5.20       0.8558  0.9223
false-block rate: 12.77%  (лишние торможения)
miss rate       : 2.39%  (риск столкновения)
соотношение fb/miss: 5.35
высота, м   false-block%   miss%
   1.5          8.66       3.22
   2.0         12.77       2.39
   2.5         13.78       2.21
   3.0         14.50       2.12
   3.5         14.99       2.04
   4.0         15.34       1.95
epoch 6  loss 0.3449  21s
IoU занятости  : 0.6304
Dice занятости : 0.7733
  под колёсами    IoU 0.7935  Dice 0.8849
  габарит         IoU 0.5167  Dice 0.6813
  над габаритом   IoU 0.5988  Dice 0.7490
ложные блокировки: pred=737408  gt=720756
слой   высота, м    IoU     Dice
  0     -0.80       0.9395  0.9688
  1     -0.40       0.6172  0.7633
  2      0.00       0.4729  0.6421
  3      0.40       0.4781  0.6469
  4      0.80       0.5081  0.6739
  5      1.20       0.5527  0.7119
  6      1.60       0.5540  0.7130
  7      2.00       0.4933  0.6607
  8      2.40       0.4618  0.6319
  9      2.80       0.4634  0.6333
 10      3.20       0.5384  0.7000
 11      3.60       0.6283  0.7717
 12      4.00       0.6612  0.7961
 13      4.40       0.6874  0.8147
 14      4.80       0.7559  0.8610
 15      5.20       0.8559  0.9223
false-block rate: 3.93%  (лишние торможения)
miss rate       : 26.77%  (риск столкновения)
соотношение fb/miss: 0.15
высота, м   false-block%   miss%
   1.5          1.17      43.70
   2.0          3.93      26.77
   2.5          5.08      21.52
   3.0          6.10      17.78
   3.5          6.41      16.45
   4.0          6.57      15.57
epoch 7  loss 0.3335  20s
IoU занятости  : 0.7304
Dice занятости : 0.8442
  под колёсами    IoU 0.8877  Dice 0.9405
  габарит         IoU 0.5740  Dice 0.7294
  над габаритом   IoU 0.7024  Dice 0.8252
ложные блокировки: pred=800978  gt=720756
слой   высота, м    IoU     Dice
  0     -0.80       0.9503  0.9745
  1     -0.40       0.8438  0.9153
  2      0.00       0.7344  0.8468
  3      0.40       0.5980  0.7485
  4      0.80       0.5543  0.7133
  5      1.20       0.5498  0.7095
  6      1.60       0.5671  0.7238
  7      2.00       0.5993  0.7495
  8      2.40       0.6146  0.7613
  9      2.80       0.6365  0.7779
 10      3.20       0.6605  0.7956
 11      3.60       0.6872  0.8146
 12      4.00       0.7171  0.8352
 13      4.40       0.7265  0.8416
 14      4.80       0.7580  0.8623
 15      5.20       0.8559  0.9224
false-block rate: 1.54%  (лишние торможения)
miss rate       : 34.30%  (риск столкновения)
соотношение fb/miss: 0.05
высота, м   false-block%   miss%
   1.5          1.31      35.43
   2.0          1.54      34.30
   2.5          1.66      33.36
   3.0          1.79      31.93
   3.5          1.93      30.47
   4.0          2.22      27.80
epoch 8  loss 0.3226  21s
IoU занятости  : 0.6639
Dice занятости : 0.7980
  под колёсами    IoU 0.7315  Dice 0.8449
  габарит         IoU 0.5216  Dice 0.6856
  над габаритом   IoU 0.7067  Dice 0.8282
ложные блокировки: pred=650536  gt=720756
слой   высота, м    IoU     Dice
  0     -0.80       0.8840  0.9384
  1     -0.40       0.5206  0.6848
  2      0.00       0.4301  0.6015
  3      0.40       0.4512  0.6218
  4      0.80       0.4770  0.6459
  5      1.20       0.4994  0.6661
  6      1.60       0.5601  0.7180
  7      2.00       0.6080  0.7562
  8      2.40       0.6173  0.7634
  9      2.80       0.6316  0.7742
 10      3.20       0.6495  0.7875
 11      3.60       0.6815  0.8106
 12      4.00       0.7175  0.8355
 13      4.40       0.7598  0.8635
 14      4.80       0.8012  0.8896
 15      5.20       0.8558  0.9223
false-block rate: 2.20%  (лишние торможения)
miss rate       : 37.94%  (риск столкновения)
соотношение fb/miss: 0.06
высота, м   false-block%   miss%
   1.5          1.48      46.73
   2.0          2.20      37.94
   2.5          2.40      36.20
   3.0          2.51      35.10
   3.5          2.68      33.49
   4.0          2.76      32.41
epoch 9  loss 0.3134  20s
IoU занятости  : 0.5879
Dice занятости : 0.7405
  под колёсами    IoU 0.8855  Dice 0.9393
  габарит         IoU 0.4567  Dice 0.6270
  над габаритом   IoU 0.5246  Dice 0.6882
ложные блокировки: pred=657854  gt=720756
слой   высота, м    IoU     Dice
  0     -0.80       0.9504  0.9746
  1     -0.40       0.8423  0.9144
  2      0.00       0.7339  0.8466
  3      0.40       0.6257  0.7698
  4      0.80       0.4985  0.6653
  5      1.20       0.4232  0.5947
  6      1.60       0.3990  0.5705
  7      2.00       0.3992  0.5706
  8      2.40       0.3964  0.5677
  9      2.80       0.3912  0.5624
 10      3.20       0.4358  0.6071
 11      3.60       0.4970  0.6640
 12      4.00       0.5815  0.7353
 13      4.40       0.6894  0.8162
 14      4.80       0.7725  0.8716
 15      5.20       0.8575  0.9233
false-block rate: 9.04%  (лишние торможения)
miss rate       : 4.99%  (риск столкновения)
соотношение fb/miss: 1.81
высота, м   false-block%   miss%
   1.5          6.37       5.72
   2.0          9.04       4.99
   2.5         10.00       4.63
   3.0         11.22       3.76
   3.5         11.80       3.41
   4.0         12.33       3.01
epoch 10  loss 0.3093  20s
IoU занятости  : 0.7285
Dice занятости : 0.8429
  под колёсами    IoU 0.8887  Dice 0.9411
  габарит         IoU 0.6264  Dice 0.7703
  над габаритом   IoU 0.6792  Dice 0.8089
ложные блокировки: pred=750702  gt=720756
слой   высота, м    IoU     Dice
  0     -0.80       0.9510  0.9749
  1     -0.40       0.8395  0.9127
  2      0.00       0.7462  0.8547
  3      0.40       0.6660  0.7995
  4      0.80       0.6254  0.7695
  5      1.20       0.6043  0.7534
  6      1.60       0.6106  0.7582
  7      2.00       0.6218  0.7668
  8      2.40       0.6269  0.7706
  9      2.80       0.6532  0.7902
 10      3.20       0.6785  0.8084
 11      3.60       0.6798  0.8094
 12      4.00       0.6150  0.7616
 13      4.40       0.6493  0.7874
 14      4.80       0.7504  0.8574
 15      5.20       0.8559  0.9223
false-block rate: 3.44%  (лишние торможения)
miss rate       : 13.81%  (риск столкновения)
соотношение fb/miss: 0.25
высота, м   false-block%   miss%
   1.5          2.81      13.85
   2.0          3.44      13.81
   2.5          3.70      13.48
   3.0          3.83      13.51
   3.5          3.95      13.13
   4.0          4.39      11.01
epoch 11  loss 0.2986  20s
IoU занятости  : 0.7107
Dice занятости : 0.8309
  под колёсами    IoU 0.8815  Dice 0.9370
  габарит         IoU 0.5581  Dice 0.7164
  над габаритом   IoU 0.7104  Dice 0.8307
ложные блокировки: pred=643230  gt=720756
слой   высота, м    IoU     Dice
  0     -0.80       0.9467  0.9726
  1     -0.40       0.8078  0.8937
  2      0.00       0.7545  0.8601
  3      0.40       0.6708  0.8029
  4      0.80       0.5583  0.7165
  5      1.20       0.5044  0.6706
  6      1.60       0.5234  0.6871
  7      2.00       0.5537  0.7127
  8      2.40       0.5943  0.7455
  9      2.80       0.6077  0.7560
 10      3.20       0.6541  0.7909
 11      3.60       0.6961  0.8208
 12      4.00       0.7479  0.8558
 13      4.40       0.7938  0.8851
 14      4.80       0.8460  0.9166
 15      5.20       0.8815  0.9370
false-block rate: 5.95%  (лишние торможения)
miss rate       : 7.17%  (риск столкновения)
соотношение fb/miss: 0.83
высота, м   false-block%   miss%
   1.5          4.67       7.39
   2.0          5.95       7.17
   2.5          6.24       7.33
   3.0          6.50       7.36
   3.5          6.59       7.43
   4.0          6.67       7.33
epoch 12  loss 0.2904  21s
IoU занятости  : 0.6552
Dice занятости : 0.7917
  под колёсами    IoU 0.8850  Dice 0.9390
  габарит         IoU 0.5373  Dice 0.6990
  над габаритом   IoU 0.5969  Dice 0.7476
ложные блокировки: pred=684369  gt=720756
слой   высота, м    IoU     Dice
  0     -0.80       0.9495  0.9741
  1     -0.40       0.8412  0.9138
  2      0.00       0.7401  0.8506
  3      0.40       0.6345  0.7764
  4      0.80       0.5585  0.7167
  5      1.20       0.5257  0.6891
  6      1.60       0.5064  0.6723
  7      2.00       0.4791  0.6478
  8      2.40       0.4714  0.6407
  9      2.80       0.4669  0.6366
 10      3.20       0.5066  0.6726
 11      3.60       0.5766  0.7314
 12      4.00       0.6620  0.7966
 13      4.40       0.7366  0.8483
 14      4.80       0.8024  0.8904
 15      5.20       0.8665  0.9285
false-block rate: 7.12%  (лишние торможения)
miss rate       : 3.53%  (риск столкновения)
соотношение fb/miss: 2.01
высота, м   false-block%   miss%
   1.5          5.25       3.56
   2.0          7.12       3.53
   2.5          7.91       3.32
   3.0          8.69       3.06
   3.5          9.10       2.91
   4.0          9.33       2.86
epoch 13  loss 0.2866  21s
IoU занятости  : 0.5646
Dice занятости : 0.7217
  под колёсами    IoU 0.8898  Dice 0.9417
  габарит         IoU 0.4275  Dice 0.5989
  над габаритом   IoU 0.5057  Dice 0.6718
ложные блокировки: pred=605202  gt=720756
слой   высота, м    IoU     Dice
  0     -0.80       0.9495  0.9741
  1     -0.40       0.8345  0.9098
  2      0.00       0.7647  0.8667
  3      0.40       0.6524  0.7896
  4      0.80       0.5022  0.6686
  5      1.20       0.4033  0.5748
  6      1.60       0.3553  0.5243
  7      2.00       0.3440  0.5119
  8      2.40       0.3507  0.5193
  9      2.80       0.3820  0.5529
 10      3.20       0.4226  0.5942
 11      3.60       0.4859  0.6540
 12      4.00       0.5699  0.7260
 13      4.40       0.6826  0.8114
 14      4.80       0.7866  0.8806
 15      5.20       0.8689  0.9299
false-block rate: 10.64%  (лишние торможения)
miss rate       : 2.59%  (риск столкновения)
соотношение fb/miss: 4.10
высота, м   false-block%   miss%
   1.5          6.87       3.28
   2.0         10.64       2.59
   2.5         11.70       2.34
   3.0         12.35       2.25
   3.5         12.83       2.12
   4.0         13.18       1.99
epoch 14  loss 0.2815  19s
IoU занятости  : 0.6282
Dice занятости : 0.7717
  под колёсами    IoU 0.8984  Dice 0.9465
  габарит         IoU 0.4482  Dice 0.6190
  над габаритом   IoU 0.6189  Dice 0.7646
ложные блокировки: pred=611827  gt=720756
слой   высота, м    IoU     Dice
  0     -0.80       0.9518  0.9753
  1     -0.40       0.8573  0.9231
  2      0.00       0.7757  0.8737
  3      0.40       0.6800  0.8095
  4      0.80       0.5372  0.6990
  5      1.20       0.4228  0.5944
  6      1.60       0.3645  0.5342
  7      2.00       0.3655  0.5353
  8      2.40       0.3945  0.5658
  9      2.80       0.4574  0.6277
 10      3.20       0.5990  0.7492
 11      3.60       0.7106  0.8308
 12      4.00       0.7672  0.8683
 13      4.40       0.8045  0.8916
 14      4.80       0.8454  0.9162
 15      5.20       0.8831  0.9379
false-block rate: 9.65%  (лишние торможения)
miss rate       : 3.17%  (риск столкновения)
соотношение fb/miss: 3.05
высота, м   false-block%   miss%
   1.5          6.11       3.89
   2.0          9.65       3.17
   2.5         10.45       3.03
   3.0         10.92       3.00
   3.5         11.07       3.11
   4.0         11.10       3.41
epoch 15  loss 0.2757  20s
IoU занятости  : 0.7141
Dice занятости : 0.8332
  под колёсами    IoU 0.8757  Dice 0.9337
  габарит         IoU 0.5551  Dice 0.7139
  над габаритом   IoU 0.6936  Dice 0.8191
ложные блокировки: pred=761045  gt=720756
слой   высота, м    IoU     Dice
  0     -0.80       0.9471  0.9728
  1     -0.40       0.8253  0.9043
  2      0.00       0.6868  0.8143
  3      0.40       0.5959  0.7468
  4      0.80       0.5412  0.7023
  5      1.20       0.5234  0.6871
  6      1.60       0.5436  0.7044
  7      2.00       0.5696  0.7258
  8      2.40       0.5889  0.7413
  9      2.80       0.6156  0.7621
 10      3.20       0.6289  0.7722
 11      3.60       0.6657  0.7993
 12      4.00       0.7127  0.8323
 13      4.40       0.7482  0.8560
 14      4.80       0.8023  0.8903
 15      5.20       0.8683  0.9295
false-block rate: 2.09%  (лишние торможения)
miss rate       : 33.00%  (риск столкновения)
соотношение fb/miss: 0.06
высота, м   false-block%   miss%
   1.5          1.65      34.48
   2.0          2.09      33.00
   2.5          2.38      31.12
   3.0          2.57      29.53
   3.5          2.97      26.48
   4.0          3.31      23.90
epoch 16  loss 0.2689  21s
IoU занятости  : 0.7505
Dice занятости : 0.8575
  под колёсами    IoU 0.8866  Dice 0.9399
  габарит         IoU 0.6225  Dice 0.7674
  над габаритом   IoU 0.7378  Dice 0.8491
ложные блокировки: pred=700228  gt=720756
слой   высота, м    IoU     Dice
  0     -0.80       0.9514  0.9751
  1     -0.40       0.8233  0.9031
  2      0.00       0.7405  0.8509
  3      0.40       0.6803  0.8098
  4      0.80       0.6218  0.7668
  5      1.20       0.5930  0.7445
  6      1.60       0.6028  0.7522
  7      2.00       0.6153  0.7618
  8      2.40       0.6393  0.7800
  9      2.80       0.6576  0.7934
 10      3.20       0.6882  0.8153
 11      3.60       0.7226  0.8390
 12      4.00       0.7694  0.8697
 13      4.40       0.7849  0.8795
 14      4.80       0.8344  0.9097
 15      5.20       0.8851  0.9390
false-block rate: 3.52%  (лишние торможения)
miss rate       : 13.98%  (риск столкновения)
соотношение fb/miss: 0.25
высота, м   false-block%   miss%
   1.5          2.82      14.09
   2.0          3.52      13.98
   2.5          3.76      13.78
   3.0          4.00      13.14
   3.5          4.14      12.70
   4.0          4.25      12.16
epoch 17  loss 0.2642  21s
IoU занятости  : 0.7584
Dice занятости : 0.8626
  под колёсами    IoU 0.9023  Dice 0.9486
  габарит         IoU 0.6126  Dice 0.7598
  над габаритом   IoU 0.7327  Dice 0.8457
ложные блокировки: pred=769951  gt=720756
слой   высота, м    IoU     Dice
  0     -0.80       0.9519  0.9753
  1     -0.40       0.8654  0.9278
  2      0.00       0.7826  0.8780
  3      0.40       0.7022  0.8251
  4      0.80       0.5894  0.7417
  5      1.20       0.5582  0.7165
  6      1.60       0.5835  0.7370
  7      2.00       0.6117  0.7591
  8      2.40       0.6387  0.7795
  9      2.80       0.6622  0.7968
 10      3.20       0.6816  0.8106
 11      3.60       0.7065  0.8280
 12      4.00       0.7322  0.8454
 13      4.40       0.7839  0.8788
 14      4.80       0.8346  0.9098
 15      5.20       0.8803  0.9364
false-block rate: 1.86%  (лишние торможения)
miss rate       : 23.49%  (риск столкновения)
соотношение fb/miss: 0.08
высота, м   false-block%   miss%
   1.5          1.60      22.36
   2.0          1.86      23.49
   2.5          2.08      22.17
   3.0          2.24      21.28
   3.5          2.48      19.76
   4.0          2.68      18.69
epoch 18  loss 0.2621  19s
IoU занятости  : 0.6668
Dice занятости : 0.8001
  под колёсами    IoU 0.9005  Dice 0.9476
  габарит         IoU 0.5724  Dice 0.7281
  над габаритом   IoU 0.5904  Dice 0.7424
ложные блокировки: pred=703051  gt=720756
слой   высота, м    IoU     Dice
  0     -0.80       0.9512  0.9750
  1     -0.40       0.8648  0.9275
  2      0.00       0.7767  0.8743
  3      0.40       0.6652  0.7989
  4      0.80       0.5813  0.7352
  5      1.20       0.5571  0.7156
  6      1.60       0.5477  0.7077
  7      2.00       0.5240  0.6876
  8      2.40       0.4844  0.6527
  9      2.80       0.4803  0.6490
 10      3.20       0.4922  0.6597
 11      3.60       0.5471  0.7073
 12      4.00       0.6244  0.7688
 13      4.40       0.7140  0.8331
 14      4.80       0.8033  0.8909
 15      5.20       0.8736  0.9326
false-block rate: 5.63%  (лишние торможения)
miss rate       : 6.87%  (риск столкновения)
соотношение fb/miss: 0.82
высота, м   false-block%   miss%
   1.5          4.18       7.45
   2.0          5.63       6.87
   2.5          6.59       6.24
   3.0          7.35       5.76
   3.5          8.13       5.03
   4.0          8.58       4.57
epoch 19  loss 0.2610  21s
IoU занятости  : 0.7531
Dice занятости : 0.8592
  под колёсами    IoU 0.8994  Dice 0.9471
  габарит         IoU 0.6395  Dice 0.7801
  над габаритом   IoU 0.7076  Dice 0.8287
ложные блокировки: pred=747171  gt=720756
слой   высота, м    IoU     Dice
  0     -0.80       0.9519  0.9754
  1     -0.40       0.8599  0.9247
  2      0.00       0.7778  0.8750
  3      0.40       0.6913  0.8175
  4      0.80       0.6627  0.7972
  5      1.20       0.6038  0.7530
  6      1.60       0.6030  0.7523
  7      2.00       0.6213  0.7664
  8      2.40       0.6348  0.7766
  9      2.80       0.6506  0.7883
 10      3.20       0.6584  0.7940
 11      3.60       0.6668  0.8001
 12      4.00       0.6964  0.8210
 13      4.40       0.7399  0.8505
 14      4.80       0.7897  0.8825
 15      5.20       0.8634  0.9267
false-block rate: 2.65%  (лишние торможения)
miss rate       : 16.30%  (риск столкновения)
соотношение fb/miss: 0.16
высота, м   false-block%   miss%
   1.5          2.43      13.16
   2.0          2.65      16.30
   2.5          2.77      16.79
   3.0          2.92      16.94
   3.5          3.15      16.82
   4.0          3.53      16.06
epoch 20  loss 0.2516  20s
IoU занятости  : 0.6339
Dice занятости : 0.7759
  под колёсами    IoU 0.8994  Dice 0.9471
  габарит         IoU 0.4951  Dice 0.6623
  над габаритом   IoU 0.5834  Dice 0.7369
ложные блокировки: pred=650221  gt=720756
слой   высота, м    IoU     Dice
  0     -0.80       0.9533  0.9761
  1     -0.40       0.8639  0.9270
  2      0.00       0.7714  0.8710
  3      0.40       0.6505  0.7882
  4      0.80       0.5247  0.6883
  5      1.20       0.4676  0.6372
  6      1.60       0.4435  0.6145
  7      2.00       0.4349  0.6062
  8      2.40       0.4401  0.6112
  9      2.80       0.4587  0.6289
 10      3.20       0.5028  0.6691
 11      3.60       0.5728  0.7284
 12      4.00       0.6390  0.7798
 13      4.40       0.7196  0.8370
 14      4.80       0.8026  0.8905
 15      5.20       0.8747  0.9332
false-block rate: 8.45%  (лишние торможения)
miss rate       : 2.16%  (риск столкновения)
соотношение fb/miss: 3.91
высота, м   false-block%   miss%
   1.5          6.06       2.15
   2.0          8.45       2.16
   2.5          9.23       2.05
   3.0          9.84       1.94
   3.5         10.27       1.82
   4.0         10.53       1.75
epoch 21  loss 0.2485  21s
IoU занятости  : 0.6766
Dice занятости : 0.8071
  под колёсами    IoU 0.8776  Dice 0.9348
  габарит         IoU 0.5526  Dice 0.7119
  над габаритом   IoU 0.6401  Dice 0.7805
ложные блокировки: pred=658944  gt=720756
слой   высота, м    IoU     Dice
  0     -0.80       0.9453  0.9719
  1     -0.40       0.7832  0.8784
  2      0.00       0.7565  0.8614
  3      0.40       0.6984  0.8224
  4      0.80       0.5918  0.7436
  5      1.20       0.5267  0.6899
  6      1.60       0.4966  0.6637
  7      2.00       0.4970  0.6640
  8      2.40       0.5185  0.6829
  9      2.80       0.5412  0.7023
 10      3.20       0.5798  0.7340
 11      3.60       0.6183  0.7641
 12      4.00       0.6635  0.7977
 13      4.40       0.7250  0.8406
 14      4.80       0.8035  0.8910
 15      5.20       0.8720  0.9316
false-block rate: 5.68%  (лишние торможения)
miss rate       : 8.20%  (риск столкновения)
соотношение fb/miss: 0.69
высота, м   false-block%   miss%
   1.5          3.85       9.59
   2.0          5.68       8.20
   2.5          6.17       7.83
   3.0          6.51       7.49
   3.5          6.80       7.01
   4.0          7.12       6.47
epoch 22  loss 0.2478  21s
IoU занятости  : 0.7128
Dice занятости : 0.8323
  под колёсами    IoU 0.7638  Dice 0.8661
  габарит         IoU 0.5902  Dice 0.7423
  над габаритом   IoU 0.7567  Dice 0.8615
ложные блокировки: pred=611150  gt=720756
слой   высота, м    IoU     Dice
  0     -0.80       0.8612  0.9254
  1     -0.40       0.6343  0.7762
  2      0.00       0.5711  0.7270
  3      0.40       0.5744  0.7297
  4      0.80       0.5691  0.7254
  5      1.20       0.5695  0.7257
  6      1.60       0.6024  0.7519
  7      2.00       0.6346  0.7764
  8      2.40       0.6541  0.7909
  9      2.80       0.6808  0.8101
 10      3.20       0.7045  0.8266
 11      3.60       0.7353  0.8475
 12      4.00       0.7721  0.8714
 13      4.40       0.8143  0.8977
 14      4.80       0.8583  0.9238
 15      5.20       0.8949  0.9445
false-block rate: 2.01%  (лишние торможения)
miss rate       : 31.43%  (риск столкновения)
соотношение fb/miss: 0.06
высота, м   false-block%   miss%
   1.5          1.60      34.50
   2.0          2.01      31.43
   2.5          2.10      30.54
   3.0          2.18      29.46
   3.5          2.23      28.50
   4.0          2.31      27.05
epoch 23  loss 0.2411  21s
IoU занятости  : 0.7776
Dice занятости : 0.8749
  под колёсами    IoU 0.9089  Dice 0.9523
  габарит         IoU 0.6631  Dice 0.7975
  над габаритом   IoU 0.7549  Dice 0.8603
ложные блокировки: pred=718876  gt=720756
слой   высота, м    IoU     Dice
  0     -0.80       0.9544  0.9767
  1     -0.40       0.8759  0.9338
  2      0.00       0.7975  0.8873
  3      0.40       0.7212  0.8380
  4      0.80       0.6689  0.8016
  5      1.20       0.6372  0.7784
  6      1.60       0.6417  0.7818
  7      2.00       0.6460  0.7850
  8      2.40       0.6529  0.7900
  9      2.80       0.6840  0.8124
 10      3.20       0.7092  0.8298
 11      3.60       0.7347  0.8471
 12      4.00       0.7760  0.8739
 13      4.40       0.8153  0.8983
 14      4.80       0.8540  0.9212
 15      5.20       0.8921  0.9430
false-block rate: 3.34%  (лишние торможения)
miss rate       : 9.12%  (риск столкновения)
соотношение fb/miss: 0.37
высота, м   false-block%   miss%
   1.5          2.66       8.47
   2.0          3.34       9.12
   2.5          3.60       9.01
   3.0          3.76       8.93
   3.5          3.89       8.77
   4.0          4.01       8.33
epoch 24  loss 0.2364  20s
IoU занятости  : 0.7632
Dice занятости : 0.8657
  под колёсами    IoU 0.9061  Dice 0.9508
  габарит         IoU 0.6699  Dice 0.8023
  над габаритом   IoU 0.7173  Dice 0.8354
ложные блокировки: pred=751896  gt=720756
слой   высота, м    IoU     Dice
  0     -0.80       0.9548  0.9769
  1     -0.40       0.8724  0.9318
  2      0.00       0.7882  0.8816
  3      0.40       0.7115  0.8314
  4      0.80       0.6769  0.8073
  5      1.20       0.6476  0.7861
  6      1.60       0.6510  0.7886
  7      2.00       0.6583  0.7940
  8      2.40       0.6659  0.7995
  9      2.80       0.6711  0.8032
 10      3.20       0.6722  0.8040
 11      3.60       0.6800  0.8095
 12      4.00       0.6885  0.8155
 13      4.40       0.7425  0.8522
 14      4.80       0.8131  0.8969
 15      5.20       0.8797  0.9360
false-block rate: 3.18%  (лишние торможения)
miss rate       : 9.61%  (риск столкновения)
соотношение fb/miss: 0.33
высота, м   false-block%   miss%
   1.5          2.61       8.83
   2.0          3.18       9.61
   2.5          3.36       9.90
   3.0          3.63       9.34
   3.5          4.00       8.22
   4.0          4.45       7.03
epoch 25  loss 0.2374  20s
IoU занятости  : 0.7648
Dice занятости : 0.8667
  под колёсами    IoU 0.8762  Dice 0.9340
  габарит         IoU 0.6314  Dice 0.7740
  над габаритом   IoU 0.7616  Dice 0.8647
ложные блокировки: pred=720216  gt=720756
слой   высота, м    IoU     Dice
  0     -0.80       0.9525  0.9757
  1     -0.40       0.8007  0.8893
  2      0.00       0.6934  0.8189
  3      0.40       0.6540  0.7908
  4      0.80       0.6154  0.7619
  5      1.20       0.6123  0.7595
  6      1.60       0.6287  0.7720
  7      2.00       0.6454  0.7845
  8      2.40       0.6628  0.7972
  9      2.80       0.6853  0.8133
 10      3.20       0.7112  0.8312
 11      3.60       0.7426  0.8523
 12      4.00       0.7778  0.8750
 13      4.40       0.8165  0.8990
 14      4.80       0.8630  0.9264
 15      5.20       0.9009  0.9479
false-block rate: 1.45%  (лишние торможения)
miss rate       : 28.12%  (риск столкновения)
соотношение fb/miss: 0.05
высота, м   false-block%   miss%
   1.5          1.16      29.31
   2.0          1.45      28.12
   2.5          1.60      26.99
   3.0          1.72      25.78
   3.5          1.82      24.44
   4.0          1.88      23.33
epoch 26  loss 0.2337  21s
IoU занятости  : 0.7678
Dice занятости : 0.8687
  под колёсами    IoU 0.9067  Dice 0.9510
  габарит         IoU 0.6281  Dice 0.7715
  над габаритом   IoU 0.7571  Dice 0.8617
ложные блокировки: pred=693745  gt=720756
слой   высота, м    IoU     Dice
  0     -0.80       0.9526  0.9757
  1     -0.40       0.8724  0.9319
  2      0.00       0.7938  0.8851
  3      0.40       0.6830  0.8116
  4      0.80       0.6132  0.7602
  5      1.20       0.5935  0.7449
  6      1.60       0.6108  0.7584
  7      2.00       0.6363  0.7777
  8      2.40       0.6582  0.7939
  9      2.80       0.6828  0.8115
 10      3.20       0.7038  0.8261
 11      3.60       0.7348  0.8472
 12      4.00       0.7701  0.8701
 13      4.40       0.8164  0.8989
 14      4.80       0.8608  0.9252
 15      5.20       0.8948  0.9445
false-block rate: 3.48%  (лишние торможения)
miss rate       : 13.89%  (риск столкновения)
соотношение fb/miss: 0.25
высота, м   false-block%   miss%
   1.5          2.95      13.44
   2.0          3.48      13.89
   2.5          3.60      14.06
   3.0          3.65      14.21
   3.5          3.75      13.83
   4.0          3.85      13.05
epoch 27  loss 0.2261  20s
IoU занятости  : 0.6505
Dice занятости : 0.7882
  под колёсами    IoU 0.9021  Dice 0.9485
  габарит         IoU 0.5194  Dice 0.6837
  над габаритом   IoU 0.5970  Dice 0.7477
ложные блокировки: pred=652418  gt=720756
слой   высота, м    IoU     Dice
  0     -0.80       0.9541  0.9765
  1     -0.40       0.8678  0.9292
  2      0.00       0.7765  0.8742
  3      0.40       0.6569  0.7929
  4      0.80       0.5459  0.7063
  5      1.20       0.4937  0.6610
  6      1.60       0.4723  0.6415
  7      2.00       0.4624  0.6324
  8      2.40       0.4672  0.6369
  9      2.80       0.4865  0.6546
 10      3.20       0.5184  0.6828
 11      3.60       0.5688  0.7251
 12      4.00       0.6388  0.7796
 13      4.40       0.7154  0.8341
 14      4.80       0.7982  0.8878
 15      5.20       0.8741  0.9328
false-block rate: 7.71%  (лишние торможения)
miss rate       : 2.71%  (риск столкновения)
соотношение fb/miss: 2.85
высота, м   false-block%   miss%
   1.5          5.63       2.57
   2.0          7.71       2.71
   2.5          8.37       2.56
   3.0          8.87       2.50
   3.5          9.26       2.37
   4.0          9.58       2.20
epoch 28  loss 0.2284  21s
IoU занятости  : 0.6897
Dice занятости : 0.8164
  под колёсами    IoU 0.9078  Dice 0.9517
  габарит         IoU 0.5840  Dice 0.7374
  над габаритом   IoU 0.6266  Dice 0.7704
ложные блокировки: pred=696422  gt=720756
слой   высота, м    IoU     Dice
  0     -0.80       0.9544  0.9767
  1     -0.40       0.8744  0.9330
  2      0.00       0.7918  0.8838
  3      0.40       0.6939  0.8193
  4      0.80       0.6096  0.7575
  5      1.20       0.5592  0.7173
  6      1.60       0.5460  0.7064
  7      2.00       0.5328  0.6952
  8      2.40       0.5315  0.6941
  9      2.80       0.5325  0.6949
 10      3.20       0.5509  0.7104
 11      3.60       0.5769  0.7317
 12      4.00       0.6390  0.7798
 13      4.40       0.7198  0.8370
 14      4.80       0.8033  0.8909
 15      5.20       0.8773  0.9346
false-block rate: 5.55%  (лишние торможения)
miss rate       : 5.38%  (риск столкновения)
соотношение fb/miss: 1.03
высота, м   false-block%   miss%
   1.5          4.03       5.73
   2.0          5.55       5.38
   2.5          6.08       5.25
   3.0          6.64       4.83
   3.5          7.12       4.35
   4.0          7.69       3.77
epoch 29  loss 0.2260  21s
IoU занятости  : 0.7639
Dice занятости : 0.8661
  под колёсами    IoU 0.8967  Dice 0.9455
  габарит         IoU 0.6671  Dice 0.8003
  над габаритом   IoU 0.7300  Dice 0.8439
ложные блокировки: pred=714411  gt=720756
слой   высота, м    IoU     Dice
  0     -0.80       0.9530  0.9759
  1     -0.40       0.8407  0.9134
  2      0.00       0.7672  0.8683
  3      0.40       0.7241  0.8400
  4      0.80       0.6862  0.8139
  5      1.20       0.6499  0.7878
  6      1.60       0.6455  0.7846
  7      2.00       0.6359  0.7774
  8      2.40       0.6233  0.7679
  9      2.80       0.6288  0.7721
 10      3.20       0.6635  0.7977
 11      3.60       0.7148  0.8337
 12      4.00       0.7694  0.8697
 13      4.40       0.8150  0.8981
 14      4.80       0.8602  0.9248
 15      5.20       0.9011  0.9480
false-block rate: 2.76%  (лишние торможения)
miss rate       : 12.93%  (риск столкновения)
соотношение fb/miss: 0.21
высота, м   false-block%   miss%
   1.5          1.91      14.45
   2.0          2.76      12.93
   2.5          3.22      12.02
   3.0          3.61      11.16
   3.5          3.83      10.59
   4.0          3.96      10.11
epoch 30  loss 0.2197  20s
IoU занятости  : 0.7919
Dice занятости : 0.8838
  под колёсами    IoU 0.9121  Dice 0.9540
  габарит         IoU 0.6802  Dice 0.8097
  над габаритом   IoU 0.7661  Dice 0.8676
ложные блокировки: pred=744601  gt=720756
слой   высота, м    IoU     Dice
  0     -0.80       0.9549  0.9769
  1     -0.40       0.8795  0.9359
  2      0.00       0.8051  0.8920
  3      0.40       0.7381  0.8493
  4      0.80       0.6824  0.8112
  5      1.20       0.6508  0.7885
  6      1.60       0.6564  0.7926
  7      2.00       0.6679  0.8009
  8      2.40       0.6769  0.8073
  9      2.80       0.6903  0.8168
 10      3.20       0.7131  0.8326
 11      3.60       0.7420  0.8519
 12      4.00       0.7838  0.8788
 13      4.40       0.8257  0.9045
 14      4.80       0.8645  0.9273
 15      5.20       0.9049  0.9501
false-block rate: 1.86%  (лишние торможения)
miss rate       : 16.34%  (риск столкновения)
соотношение fb/miss: 0.11
высота, м   false-block%   miss%
   1.5          1.52      15.69
   2.0          1.86      16.34
   2.5          2.08      15.73
   3.0          2.29      15.11
   3.5          2.45      14.47
   4.0          2.59      13.74
epoch 31  loss 0.2223  20s
IoU занятости  : 0.7548
Dice занятости : 0.8603
  под колёсами    IoU 0.9084  Dice 0.9520
  габарит         IoU 0.6422  Dice 0.7821
  над габаритом   IoU 0.7212  Dice 0.8380
ложные блокировки: pred=711974  gt=720756
слой   высота, м    IoU     Dice
  0     -0.80       0.9553  0.9771
  1     -0.40       0.8769  0.9344
  2      0.00       0.7919  0.8839
  3      0.40       0.6964  0.8210
  4      0.80       0.6462  0.7851
  5      1.20       0.6169  0.7631
  6      1.60       0.6224  0.7673
  7      2.00       0.6290  0.7723
  8      2.40       0.6422  0.7821
  9      2.80       0.6742  0.8054
 10      3.20       0.6800  0.8095
 11      3.60       0.6725  0.8042
 12      4.00       0.7307  0.8444
 13      4.40       0.7577  0.8621
 14      4.80       0.8119  0.8962
 15      5.20       0.8829  0.9378
false-block rate: 4.32%  (лишние торможения)
miss rate       : 6.14%  (риск столкновения)
соотношение fb/miss: 0.70
высота, м   false-block%   miss%
   1.5          3.45       5.98
   2.0          4.32       6.14
   2.5          4.61       6.16
   3.0          4.78       6.39
   3.5          5.02       5.92
   4.0          5.48       5.03
epoch 32  loss 0.2154  20s
IoU занятости  : 0.7042
Dice занятости : 0.8264
  под колёсами    IoU 0.9104  Dice 0.9531
  габарит         IoU 0.5619  Dice 0.7195
  над габаритом   IoU 0.6752  Dice 0.8061
ложные блокировки: pred=661045  gt=720756
слой   высота, м    IoU     Dice
  0     -0.80       0.9554  0.9772
  1     -0.40       0.8782  0.9352
  2      0.00       0.7996  0.8886
  3      0.40       0.7048  0.8268
  4      0.80       0.5981  0.7485
  5      1.20       0.5260  0.6894
  6      1.60       0.5091  0.6747
  7      2.00       0.5087  0.6744
  8      2.40       0.5303  0.6931
  9      2.80       0.5601  0.7181
 10      3.20       0.6063  0.7549
 11      3.60       0.6632  0.7975
 12      4.00       0.7373  0.8488
 13      4.40       0.7963  0.8866
 14      4.80       0.8511  0.9196
 15      5.20       0.8999  0.9473
false-block rate: 6.25%  (лишние торможения)
miss rate       : 3.78%  (риск столкновения)
соотношение fb/miss: 1.66
высота, м   false-block%   miss%
   1.5          4.48       4.06
   2.0          6.25       3.78
   2.5          6.77       3.68
   3.0          7.12       3.67
   3.5          7.34       3.63
   4.0          7.48       3.63
epoch 33  loss 0.2094  20s
IoU занятости  : 0.6615
Dice занятости : 0.7962
  под колёсами    IoU 0.9113  Dice 0.9536
  габарит         IoU 0.5369  Dice 0.6987
  над габаритом   IoU 0.6033  Dice 0.7526
ложные блокировки: pred=661112  gt=720756
слой   высота, м    IoU     Dice
  0     -0.80       0.9554  0.9772
  1     -0.40       0.8830  0.9379
  2      0.00       0.8004  0.8891
  3      0.40       0.6832  0.8118
  4      0.80       0.5697  0.7258
  5      1.20       0.5114  0.6768
  6      1.60       0.4854  0.6535
  7      2.00       0.4751  0.6442
  8      2.40       0.4868  0.6548
  9      2.80       0.5083  0.6740
 10      3.20       0.5260  0.6894
 11      3.60       0.5634  0.7207
 12      4.00       0.6241  0.7686
 13      4.40       0.7068  0.8282
 14      4.80       0.7974  0.8873
 15      5.20       0.8751  0.9334
false-block rate: 7.32%  (лишние торможения)
miss rate       : 2.41%  (риск столкновения)
соотношение fb/miss: 3.03
высота, м   false-block%   miss%
   1.5          5.18       2.58
   2.0          7.32       2.41
   2.5          7.95       2.36
   3.0          8.43       2.34
   3.5          8.91       2.09
   4.0          9.38       1.83
epoch 34  loss 0.2096  21s
IoU занятости  : 0.7622
Dice занятости : 0.8651
  под колёсами    IoU 0.9119  Dice 0.9539
  габарит         IoU 0.6500  Dice 0.7879
  над габаритом   IoU 0.7319  Dice 0.8452
ложные блокировки: pred=694395  gt=720756
слой   высота, м    IoU     Dice
  0     -0.80       0.9564  0.9777
  1     -0.40       0.8729  0.9321
  2      0.00       0.8075  0.8935
  3      0.40       0.7259  0.8412
  4      0.80       0.6607  0.7957
  5      1.20       0.6323  0.7747
  6      1.60       0.6237  0.7682
  7      2.00       0.6138  0.7607
  8      2.40       0.6216  0.7666
  9      2.80       0.6419  0.7819
 10      3.20       0.6758  0.8066
 11      3.60       0.7129  0.8324
 12      4.00       0.7619  0.8649
 13      4.40       0.8115  0.8960
 14      4.80       0.8588  0.9241
 15      5.20       0.8993  0.9470
false-block rate: 4.00%  (лишние торможения)
miss rate       : 6.97%  (риск столкновения)
соотношение fb/miss: 0.57
высота, м   false-block%   miss%
   1.5          2.94       7.44
   2.0          4.00       6.97
   2.5          4.40       6.70
   3.0          4.70       6.50
   3.5          4.90       6.27
   4.0          5.09       6.00
epoch 35  loss 0.2067  20s
IoU занятости  : 0.7602
Dice занятости : 0.8638
  под колёсами    IoU 0.8689  Dice 0.9299
  габарит         IoU 0.6459  Dice 0.7848
  над габаритом   IoU 0.7549  Dice 0.8603
ложные блокировки: pred=679814  gt=720756
слой   высота, м    IoU     Dice
  0     -0.80       0.9366  0.9673
  1     -0.40       0.8001  0.8890
  2      0.00       0.7145  0.8335
  3      0.40       0.6765  0.8071
  4      0.80       0.6390  0.7797
  5      1.20       0.6254  0.7695
  6      1.60       0.6380  0.7790
  7      2.00       0.6500  0.7879
  8      2.40       0.6615  0.7962
  9      2.80       0.6699  0.8024
 10      3.20       0.6929  0.8186
 11      3.60       0.7305  0.8442
 12      4.00       0.7798  0.8763
 13      4.40       0.8276  0.9056
 14      4.80       0.8694  0.9302
 15      5.20       0.9062  0.9508
false-block rate: 2.71%  (лишние торможения)
miss rate       : 18.06%  (риск столкновения)
соотношение fb/miss: 0.15
высота, м   false-block%   miss%
   1.5          2.16      19.26
   2.0          2.71      18.06
   2.5          2.96      17.14
   3.0          3.22      16.02
   3.5          3.40      15.10
   4.0          3.55      14.05
epoch 36  loss 0.2027  20s
IoU занятости  : 0.7252
Dice занятости : 0.8407
  под колёсами    IoU 0.9140  Dice 0.9550
  габарит         IoU 0.6177  Dice 0.7637
  над габаритом   IoU 0.6733  Dice 0.8048
ложные блокировки: pred=703989  gt=720756
слой   высота, м    IoU     Dice
  0     -0.80       0.9565  0.9778
  1     -0.40       0.8803  0.9363
  2      0.00       0.8108  0.8955
  3      0.40       0.7305  0.8443
  4      0.80       0.6497  0.7877
  5      1.20       0.5954  0.7464
  6      1.60       0.5720  0.7278
  7      2.00       0.5635  0.7208
  8      2.40       0.5565  0.7150
  9      2.80       0.5669  0.7236
 10      3.20       0.5955  0.7464
 11      3.60       0.6520  0.7893
 12      4.00       0.7124  0.8320
 13      4.40       0.7786  0.8755
 14      4.80       0.8374  0.9115
 15      5.20       0.8906  0.9421
false-block rate: 4.75%  (лишние торможения)
miss rate       : 5.27%  (риск столкновения)
соотношение fb/miss: 0.90
высота, м   false-block%   miss%
   1.5          3.36       5.68
   2.0          4.75       5.27
   2.5          5.31       5.05
   3.0          5.74       4.87
   3.5          6.08       4.60
   4.0          6.29       4.36
epoch 37  loss 0.2007  21s
IoU занятости  : 0.7897
Dice занятости : 0.8825
  под колёсами    IoU 0.9138  Dice 0.9550
  габарит         IoU 0.6772  Dice 0.8075
  над габаритом   IoU 0.7668  Dice 0.8680
ложные блокировки: pred=711979  gt=720756
слой   высота, м    IoU     Dice
  0     -0.80       0.9570  0.9780
  1     -0.40       0.8817  0.9371
  2      0.00       0.8093  0.8946
  3      0.40       0.7395  0.8503
  4      0.80       0.6909  0.8172
  5      1.20       0.6492  0.7873
  6      1.60       0.6460  0.7849
  7      2.00       0.6564  0.7926
  8      2.40       0.6713  0.8033
  9      2.80       0.6908  0.8171
 10      3.20       0.7165  0.8348
 11      3.60       0.7453  0.8540
 12      4.00       0.7824  0.8779
 13      4.40       0.8253  0.9043
 14      4.80       0.8704  0.9307
 15      5.20       0.9108  0.9533
false-block rate: 2.88%  (лишние торможения)
miss rate       : 10.03%  (риск столкновения)
соотношение fb/miss: 0.29
высота, м   false-block%   miss%
   1.5          2.39       8.68
   2.0          2.88      10.03
   2.5          3.04      10.30
   3.0          3.16      10.49
   3.5          3.22      10.56
   4.0          3.28      10.48
epoch 38  loss 0.1996  20s
IoU занятости  : 0.7442
Dice занятости : 0.8533
  под колёсами    IoU 0.8947  Dice 0.9444
  габарит         IoU 0.6300  Dice 0.7730
  над габаритом   IoU 0.7192  Dice 0.8367
ложные блокировки: pred=672457  gt=720756
слой   высота, м    IoU     Dice
  0     -0.80       0.9433  0.9708
  1     -0.40       0.8445  0.9157
  2      0.00       0.7900  0.8827
  3      0.40       0.7175  0.8355
  4      0.80       0.6475  0.7860
  5      1.20       0.6072  0.7556
  6      1.60       0.5933  0.7448
  7      2.00       0.5965  0.7473
  8      2.40       0.6086  0.7567
  9      2.80       0.6258  0.7698
 10      3.20       0.6617  0.7964
 11      3.60       0.6938  0.8192
 12      4.00       0.7509  0.8578
 13      4.40       0.8007  0.8893
 14      4.80       0.8550  0.9218
 15      5.20       0.9022  0.9486
false-block rate: 4.42%  (лишние торможения)
miss rate       : 7.01%  (риск столкновения)
соотношение fb/miss: 0.63
высота, м   false-block%   miss%
   1.5          3.19       7.87
   2.0          4.42       7.01
   2.5          4.82       6.72
   3.0          5.13       6.46
   3.5          5.32       6.26
   4.0          5.52       5.86
epoch 39  loss 0.1982  20s
IoU занятости  : 0.7326
Dice занятости : 0.8457
  под колёсами    IoU 0.9119  Dice 0.9539
  габарит         IoU 0.6415  Dice 0.7816
  над габаритом   IoU 0.6742  Dice 0.8054
ложные блокировки: pred=709901  gt=720756
слой   высота, м    IoU     Dice
  0     -0.80       0.9559  0.9774
  1     -0.40       0.8736  0.9325
  2      0.00       0.8055  0.8923
  3      0.40       0.7477  0.8556
  4      0.80       0.6729  0.8045
  5      1.20       0.6201  0.7655
  6      1.60       0.6019  0.7515
  7      2.00       0.5858  0.7388
  8      2.40       0.5610  0.7187
  9      2.80       0.5627  0.7202
 10      3.20       0.5922  0.7439
 11      3.60       0.6527  0.7899
 12      4.00       0.7171  0.8352
 13      4.40       0.7818  0.8775
 14      4.80       0.8417  0.9141
 15      5.20       0.8948  0.9445
false-block rate: 3.98%  (лишние торможения)
miss rate       : 7.29%  (риск столкновения)
соотношение fb/miss: 0.55
высота, м   false-block%   miss%
   1.5          2.75       8.13
   2.0          3.98       7.29
   2.5          4.67       6.66
   3.0          5.22       6.18
   3.5          5.63       5.64
   4.0          5.87       5.29
epoch 40  loss 0.1965  20s
IoU занятости  : 0.7475
Dice занятости : 0.8555
  под колёсами    IoU 0.8972  Dice 0.9458
  габарит         IoU 0.6587  Dice 0.7943
  над габаритом   IoU 0.7029  Dice 0.8255
ложные блокировки: pred=702560  gt=720756
слой   высота, м    IoU     Dice
  0     -0.80       0.9549  0.9769
  1     -0.40       0.8303  0.9073
  2      0.00       0.7732  0.8721
  3      0.40       0.7514  0.8580
  4      0.80       0.6848  0.8129
  5      1.20       0.6402  0.7806
  6      1.60       0.6216  0.7667
  7      2.00       0.6131  0.7601
  8      2.40       0.5983  0.7487
  9      2.80       0.5996  0.7497
 10      3.20       0.6262  0.7702
 11      3.60       0.6713  0.8033
 12      4.00       0.7390  0.8499
 13      4.40       0.8051  0.8920
 14      4.80       0.8553  0.9220
 15      5.20       0.9018  0.9483
false-block rate: 3.27%  (лишние торможения)
miss rate       : 9.88%  (риск столкновения)
соотношение fb/miss: 0.33
высота, м   false-block%   miss%
   1.5          2.23      11.00
   2.0          3.27       9.88
   2.5          3.79       9.12
   3.0          4.24       8.45
   3.5          4.59       7.78
   4.0          4.86       7.30
epoch 41  loss 0.1942  20s
IoU занятости  : 0.7673
Dice занятости : 0.8683
  под колёсами    IoU 0.9125  Dice 0.9542
  габарит         IoU 0.6733  Dice 0.8048
  над габаритом   IoU 0.7247  Dice 0.8404
ложные блокировки: pred=720322  gt=720756
слой   высота, м    IoU     Dice
  0     -0.80       0.9570  0.9780
  1     -0.40       0.8763  0.9341
  2      0.00       0.8018  0.8900
  3      0.40       0.7330  0.8460
  4      0.80       0.6768  0.8072
  5      1.20       0.6498  0.7877
  6      1.60       0.6519  0.7893
  7      2.00       0.6563  0.7925
  8      2.40       0.6484  0.7867
  9      2.80       0.6503  0.7881
 10      3.20       0.6589  0.7944
 11      3.60       0.6826  0.8114
 12      4.00       0.7340  0.8466
 13      4.40       0.7929  0.8845
 14      4.80       0.8487  0.9181
 15      5.20       0.8976  0.9460
false-block rate: 3.17%  (лишние торможения)
miss rate       : 9.52%  (риск столкновения)
соотношение fb/miss: 0.33
высота, м   false-block%   miss%
   1.5          2.47       9.69
   2.0          3.17       9.52
   2.5          3.55       8.88
   3.0          3.91       8.28
   3.5          4.28       7.50
   4.0          4.63       6.82
epoch 42  loss 0.1899  21s
IoU занятости  : 0.7447
Dice занятости : 0.8537
  под колёсами    IoU 0.9129  Dice 0.9545
  габарит         IoU 0.6105  Dice 0.7581
  над габаритом   IoU 0.7248  Dice 0.8405
ложные блокировки: pred=675353  gt=720756
слой   высота, м    IoU     Dice
  0     -0.80       0.9568  0.9779
  1     -0.40       0.8806  0.9365
  2      0.00       0.8063  0.8928
  3      0.40       0.7157  0.8343
  4      0.80       0.6318  0.7743
  5      1.20       0.5811  0.7350
  6      1.60       0.5661  0.7229
  7      2.00       0.5732  0.7287
  8      2.40       0.6085  0.7566
  9      2.80       0.6456  0.7847
 10      3.20       0.6764  0.8070
 11      3.60       0.6984  0.8224
 12      4.00       0.7490  0.8565
 13      4.40       0.8007  0.8893
 14      4.80       0.8506  0.9193
 15      5.20       0.8999  0.9473
false-block rate: 5.30%  (лишние торможения)
miss rate       : 3.94%  (риск столкновения)
соотношение fb/miss: 1.34
высота, м   false-block%   miss%
   1.5          3.87       4.08
   2.0          5.30       3.94
   2.5          5.68       3.92
   3.0          5.92       4.02
   3.5          6.09       3.97
   4.0          6.31       3.65
epoch 43  loss 0.1867  21s
IoU занятости  : 0.7932
Dice занятости : 0.8847
  под колёсами    IoU 0.9190  Dice 0.9578
  габарит         IoU 0.6880  Dice 0.8151
  над габаритом   IoU 0.7662  Dice 0.8676
ложные блокировки: pred=724023  gt=720756
слой   высота, м    IoU     Dice
  0     -0.80       0.9583  0.9787
  1     -0.40       0.8889  0.9412
  2      0.00       0.8194  0.9007
  3      0.40       0.7572  0.8618
  4      0.80       0.7003  0.8237
  5      1.20       0.6610  0.7959
  6      1.60       0.6584  0.7940
  7      2.00       0.6647  0.7986
  8      2.40       0.6714  0.8034
  9      2.80       0.6901  0.8166
 10      3.20       0.7136  0.8329
 11      3.60       0.7429  0.8525
 12      4.00       0.7874  0.8810
 13      4.40       0.8299  0.9071
 14      4.80       0.8713  0.9312
 15      5.20       0.9080  0.9518
false-block rate: 2.58%  (лишние торможения)
miss rate       : 10.98%  (риск столкновения)
соотношение fb/miss: 0.24
высота, м   false-block%   miss%
   1.5          1.96      11.10
   2.0          2.58      10.98
   2.5          2.87      10.64
   3.0          3.07      10.31
   3.5          3.23       9.90
   4.0          3.38       9.36
epoch 44  loss 0.1846  21s
IoU занятости  : 0.7658
Dice занятости : 0.8673
  под колёсами    IoU 0.9178  Dice 0.9572
  габарит         IoU 0.6455  Dice 0.7846
  над габаритом   IoU 0.7404  Dice 0.8508
ложные блокировки: pred=700262  gt=720756
слой   высота, м    IoU     Dice
  0     -0.80       0.9575  0.9783
  1     -0.40       0.8896  0.9416
  2      0.00       0.8181  0.9000
  3      0.40       0.7411  0.8513
  4      0.80       0.6660  0.7995
  5      1.20       0.6157  0.7622
  6      1.60       0.6039  0.7530
  7      2.00       0.6121  0.7593
  8      2.40       0.6340  0.7760
  9      2.80       0.6629  0.7973
 10      3.20       0.6921  0.8181
 11      3.60       0.7201  0.8373
 12      4.00       0.7607  0.8641
 13      4.40       0.8064  0.8928
 14      4.80       0.8538  0.9212
 15      5.20       0.9019  0.9484
false-block rate: 4.32%  (лишние торможения)
miss rate       : 4.62%  (риск столкновения)
соотношение fb/miss: 0.94
высота, м   false-block%   miss%
   1.5          3.21       4.67
   2.0          4.32       4.62
   2.5          4.64       4.65
   3.0          4.87       4.70
   3.5          5.03       4.58
   4.0          5.22       4.28
epoch 45  loss 0.1831  20s
IoU занятости  : 0.7695
Dice занятости : 0.8697
  под колёсами    IoU 0.9150  Dice 0.9556
  габарит         IoU 0.6488  Dice 0.7870
  над габаритом   IoU 0.7475  Dice 0.8555
ложные блокировки: pred=699350  gt=720756
слой   высота, м    IoU     Dice
  0     -0.80       0.9582  0.9787
  1     -0.40       0.8845  0.9387
  2      0.00       0.8090  0.8944
  3      0.40       0.7242  0.8400
  4      0.80       0.6566  0.7927
  5      1.20       0.6195  0.7651
  6      1.60       0.6149  0.7615
  7      2.00       0.6325  0.7749
  8      2.40       0.6531  0.7901
  9      2.80       0.6813  0.8105
 10      3.20       0.7021  0.8250
 11      3.60       0.7232  0.8394
 12      4.00       0.7600  0.8637
 13      4.40       0.8051  0.8920
 14      4.80       0.8478  0.9176
 15      5.20       0.8938  0.9439
false-block rate: 4.40%  (лишние торможения)
miss rate       : 4.58%  (риск столкновения)
соотношение fb/miss: 0.96
высота, м   false-block%   miss%
   1.5          3.41       4.41
   2.0          4.40       4.58
   2.5          4.70       4.64
   3.0          4.89       4.78
   3.5          5.07       4.63
   4.0          5.29       4.22
epoch 46  loss 0.1822  21s
IoU занятости  : 0.7589
Dice занятости : 0.8629
  под колёсами    IoU 0.9166  Dice 0.9565
  габарит         IoU 0.6328  Dice 0.7751
  над габаритом   IoU 0.7364  Dice 0.8482
ложные блокировки: pred=690441  gt=720756
слой   высота, м    IoU     Dice
  0     -0.80       0.9583  0.9787
  1     -0.40       0.8880  0.9407
  2      0.00       0.8126  0.8966
  3      0.40       0.7219  0.8385
  4      0.80       0.6422  0.7821
  5      1.20       0.6021  0.7516
  6      1.60       0.5954  0.7464
  7      2.00       0.6108  0.7584
  8      2.40       0.6302  0.7731
  9      2.80       0.6610  0.7959
 10      3.20       0.6892  0.8160
 11      3.60       0.7175  0.8355
 12      4.00       0.7562  0.8612
 13      4.40       0.7990  0.8883
 14      4.80       0.8503  0.9191
 15      5.20       0.8963  0.9453
false-block rate: 4.87%  (лишние торможения)
miss rate       : 3.51%  (риск столкновения)
соотношение fb/miss: 1.39
высота, м   false-block%   miss%
   1.5          3.73       3.34
   2.0          4.87       3.51
   2.5          5.21       3.61
   3.0          5.43       3.76
   3.5          5.60       3.72
   4.0          5.79       3.46
epoch 47  loss 0.1797  20s
IoU занятости  : 0.7945
Dice занятости : 0.8855
  под колёсами    IoU 0.9197  Dice 0.9582
  габарит         IoU 0.6921  Dice 0.8180
  над габаритом   IoU 0.7674  Dice 0.8684
ложные блокировки: pred=718448  gt=720756
слой   высота, м    IoU     Dice
  0     -0.80       0.9585  0.9788
  1     -0.40       0.8915  0.9426
  2      0.00       0.8221  0.9024
  3      0.40       0.7590  0.8630
  4      0.80       0.7030  0.8256
  5      1.20       0.6703  0.8026
  6      1.60       0.6644  0.7984
  7      2.00       0.6648  0.7986
  8      2.40       0.6711  0.8032
  9      2.80       0.6916  0.8177
 10      3.20       0.7189  0.8364
 11      3.60       0.7450  0.8539
 12      4.00       0.7896  0.8824
 13      4.40       0.8310  0.9077
 14      4.80       0.8727  0.9320
 15      5.20       0.9063  0.9509
false-block rate: 3.03%  (лишние торможения)
miss rate       : 7.24%  (риск столкновения)
соотношение fb/miss: 0.42
высота, м   false-block%   miss%
   1.5          2.32       7.05
   2.0          3.03       7.24
   2.5          3.33       7.11
   3.0          3.53       7.05
   3.5          3.67       6.93
   4.0          3.82       6.60
epoch 48  loss 0.1788  21s
IoU занятости  : 0.7862
Dice занятости : 0.8803
  под колёсами    IoU 0.9175  Dice 0.9570
  габарит         IoU 0.6883  Dice 0.8154
  над габаритом   IoU 0.7532  Dice 0.8592
ложные блокировки: pred=716119  gt=720756
слой   высота, м    IoU     Dice
  0     -0.80       0.9583  0.9787
  1     -0.40       0.8827  0.9377
  2      0.00       0.8186  0.9002
  3      0.40       0.7490  0.8565
  4      0.80       0.6899  0.8165
  5      1.20       0.6643  0.7983
  6      1.60       0.6659  0.7994
  7      2.00       0.6726  0.8043
  8      2.40       0.6726  0.8043
  9      2.80       0.6785  0.8084
 10      3.20       0.6975  0.8218
 11      3.60       0.7194  0.8368
 12      4.00       0.7667  0.8679
 13      4.40       0.8155  0.8983
 14      4.80       0.8643  0.9272
 15      5.20       0.9040  0.9496
false-block rate: 3.04%  (лишние торможения)
miss rate       : 8.28%  (риск столкновения)
соотношение fb/miss: 0.37
высота, м   false-block%   miss%
   1.5          2.39       8.13
   2.0          3.04       8.28
   2.5          3.35       7.99
   3.0          3.63       7.59
   3.5          3.88       7.11
   4.0          4.15       6.48
epoch 49  loss 0.1784  20s
IoU занятости  : 0.7618
Dice занятости : 0.8648
  под колёсами    IoU 0.9197  Dice 0.9582
  габарит         IoU 0.6484  Dice 0.7867
  над габаритом   IoU 0.7281  Dice 0.8427
ложные блокировки: pred=697344  gt=720756
слой   высота, м    IoU     Dice
  0     -0.80       0.9586  0.9788
  1     -0.40       0.8921  0.9429
  2      0.00       0.8216  0.9020
  3      0.40       0.7374  0.8489
  4      0.80       0.6643  0.7983
  5      1.20       0.6217  0.7667
  6      1.60       0.6126  0.7597
  7      2.00       0.6150  0.7616
  8      2.40       0.6164  0.7627
  9      2.80       0.6381  0.7791
 10      3.20       0.6660  0.7995
 11      3.60       0.7023  0.8251
 12      4.00       0.7582  0.8625
 13      4.40       0.8147  0.8979
 14      4.80       0.8667  0.9286
 15      5.20       0.9093  0.9525
false-block rate: 4.32%  (лишние торможения)
miss rate       : 4.65%  (риск столкновения)
соотношение fb/miss: 0.93
высота, м   false-block%   miss%
   1.5          3.25       4.71
   2.0          4.32       4.65
   2.5          4.74       4.51
   3.0          5.05       4.46
   3.5          5.29       4.26
   4.0          5.52       3.98
epoch 50  loss 0.1759  19s
IoU занятости  : 0.7756
Dice занятости : 0.8736
  под колёсами    IoU 0.9196  Dice 0.9581
  габарит         IoU 0.6651  Dice 0.7989
  над габаритом   IoU 0.7464  Dice 0.8548
ложные блокировки: pred=704945  gt=720756
слой   высота, м    IoU     Dice
  0     -0.80       0.9582  0.9787
  1     -0.40       0.8894  0.9415
  2      0.00       0.8229  0.9028
  3      0.40       0.7527  0.8589
  4      0.80       0.6848  0.8129
  5      1.20       0.6388  0.7796
  6      1.60       0.6283  0.7717
  7      2.00       0.6305  0.7733
  8      2.40       0.6417  0.7817
  9      2.80       0.6591  0.7945
 10      3.20       0.6881  0.8153
 11      3.60       0.7271  0.8420
 12      4.00       0.7744  0.8729
 13      4.40       0.8222  0.9024
 14      4.80       0.8699  0.9304
 15      5.20       0.9090  0.9523
false-block rate: 3.62%  (лишние торможения)
miss rate       : 6.79%  (риск столкновения)
соотношение fb/miss: 0.53
высота, м   false-block%   miss%
   1.5          2.63       7.31
   2.0          3.62       6.79
   2.5          3.98       6.55
   3.0          4.26       6.33
   3.5          4.46       6.07
   4.0          4.63       5.74
epoch 51  loss 0.1741  21s
IoU занятости  : 0.7764
Dice занятости : 0.8741
  под колёсами    IoU 0.9209  Dice 0.9588
  габарит         IoU 0.6692  Dice 0.8018
  над габаритом   IoU 0.7444  Dice 0.8535
ложные блокировки: pred=705690  gt=720756
слой   высота, м    IoU     Dice
  0     -0.80       0.9588  0.9789
  1     -0.40       0.8920  0.9429
  2      0.00       0.8269  0.9053
  3      0.40       0.7563  0.8612
  4      0.80       0.6883  0.8154
  5      1.20       0.6436  0.7832
  6      1.60       0.6334  0.7756
  7      2.00       0.6328  0.7751
  8      2.40       0.6375  0.7787
  9      2.80       0.6587  0.7942
 10      3.20       0.6893  0.8161
 11      3.60       0.7240  0.8399
 12      4.00       0.7719  0.8712
 13      4.40       0.8209  0.9016
 14      4.80       0.8674  0.9290
 15      5.20       0.9064  0.9509
false-block rate: 3.71%  (лишние торможения)
miss rate       : 5.45%  (риск столкновения)
соотношение fb/miss: 0.68
высота, м   false-block%   miss%
   1.5          2.75       5.52
   2.0          3.71       5.45
   2.5          4.10       5.28
   3.0          4.37       5.19
   3.5          4.56       5.04
   4.0          4.74       4.77
epoch 52  loss 0.1720  21s
IoU занятости  : 0.7649
Dice занятости : 0.8668
  под колёсами    IoU 0.9204  Dice 0.9586
  габарит         IoU 0.6594  Dice 0.7947
  над габаритом   IoU 0.7266  Dice 0.8416
ложные блокировки: pred=704063  gt=720756
слой   высота, м    IoU     Dice
  0     -0.80       0.9586  0.9789
  1     -0.40       0.8916  0.9427
  2      0.00       0.8240  0.9035
  3      0.40       0.7513  0.8580
  4      0.80       0.6800  0.8095
  5      1.20       0.6329  0.7752
  6      1.60       0.6225  0.7673
  7      2.00       0.6215  0.7666
  8      2.40       0.6234  0.7681
  9      2.80       0.6386  0.7795
 10      3.20       0.6634  0.7976
 11      3.60       0.6995  0.8232
 12      4.00       0.7534  0.8594
 13      4.40       0.8082  0.8939
 14      4.80       0.8601  0.9248
 15      5.20       0.9033  0.9492
false-block rate: 3.93%  (лишние торможения)
miss rate       : 5.42%  (риск столкновения)
соотношение fb/miss: 0.72
высота, м   false-block%   miss%
   1.5          2.87       5.75
   2.0          3.93       5.42
   2.5          4.34       5.22
   3.0          4.66       5.06
   3.5          4.90       4.78
   4.0          5.13       4.42
epoch 53  loss 0.1729  20s
IoU занятости  : 0.7692
Dice занятости : 0.8696
  под колёсами    IoU 0.9190  Dice 0.9578
  габарит         IoU 0.6576  Dice 0.7934
  над габаритом   IoU 0.7385  Dice 0.8496
ложные блокировки: pred=697628  gt=720756
слой   высота, м    IoU     Dice
  0     -0.80       0.9581  0.9786
  1     -0.40       0.8876  0.9404
  2      0.00       0.8227  0.9027
  3      0.40       0.7455  0.8542
  4      0.80       0.6720  0.8038
  5      1.20       0.6302  0.7732
  6      1.60       0.6233  0.7680
  7      2.00       0.6256  0.7697
  8      2.40       0.6333  0.7755
  9      2.80       0.6496  0.7876
 10      3.20       0.6806  0.8099
 11      3.60       0.7156  0.8342
 12      4.00       0.7670  0.8682
 13      4.40       0.8174  0.8995
 14      4.80       0.8658  0.9281
 15      5.20       0.9058  0.9506
false-block rate: 3.95%  (лишние торможения)
miss rate       : 5.81%  (риск столкновения)
соотношение fb/miss: 0.68
высота, м   false-block%   miss%
   1.5          2.94       6.11
   2.0          3.95       5.81
   2.5          4.33       5.60
   3.0          4.63       5.43
   3.5          4.84       5.22
   4.0          5.03       4.88
epoch 54  loss 0.1724  21s
IoU занятости  : 0.7767
Dice занятости : 0.8743
  под колёсами    IoU 0.9209  Dice 0.9588
  габарит         IoU 0.6676  Dice 0.8006
  над габаритом   IoU 0.7468  Dice 0.8550
ложные блокировки: pred=703067  gt=720756
слой   высота, м    IoU     Dice
  0     -0.80       0.9586  0.9789
  1     -0.40       0.8926  0.9432
  2      0.00       0.8260  0.9047
  3      0.40       0.7541  0.8598
  4      0.80       0.6853  0.8132
  5      1.20       0.6395  0.7801
  6      1.60       0.6322  0.7747
  7      2.00       0.6349  0.7767
  8      2.40       0.6470  0.7857
  9      2.80       0.6648  0.7986
 10      3.20       0.6914  0.8176
 11      3.60       0.7226  0.8390
 12      4.00       0.7698  0.8699
 13      4.40       0.8186  0.9003
 14      4.80       0.8662  0.9283
 15      5.20       0.9061  0.9507
false-block rate: 3.75%  (лишние торможения)
miss rate       : 5.66%  (риск столкновения)
соотношение fb/miss: 0.66
высота, м   false-block%   miss%
   1.5          2.79       5.83
   2.0          3.75       5.66
   2.5          4.11       5.54
   3.0          4.38       5.45
   3.5          4.57       5.26
   4.0          4.76       4.90
epoch 55  loss 0.1710  20s
IoU занятости  : 0.7745
Dice занятости : 0.8729
  под колёсами    IoU 0.9207  Dice 0.9587
  габарит         IoU 0.6658  Dice 0.7993
  над габаритом   IoU 0.7431  Dice 0.8526
ложные блокировки: pred=702797  gt=720756
слой   высота, м    IoU     Dice
  0     -0.80       0.9587  0.9789
  1     -0.40       0.8923  0.9431
  2      0.00       0.8255  0.9044
  3      0.40       0.7499  0.8571
  4      0.80       0.6812  0.8104
  5      1.20       0.6391  0.7798
  6      1.60       0.6310  0.7738
  7      2.00       0.6346  0.7765
  8      2.40       0.6427  0.7825
  9      2.80       0.6604  0.7954
 10      3.20       0.6857  0.8135
 11      3.60       0.7187  0.8363
 12      4.00       0.7671  0.8682
 13      4.40       0.8171  0.8993
 14      4.80       0.8644  0.9273
 15      5.20       0.9058  0.9506
false-block rate: 3.86%  (лишние торможения)
miss rate       : 5.18%  (риск столкновения)
соотношение fb/miss: 0.75
высота, м   false-block%   miss%
   1.5          2.91       5.18
   2.0          3.86       5.18
   2.5          4.22       5.08
   3.0          4.50       4.99
   3.5          4.72       4.78
   4.0          4.92       4.46
epoch 56  loss 0.1708  21s
IoU занятости  : 0.7750
Dice занятости : 0.8732
  под колёсами    IoU 0.9210  Dice 0.9589
  габарит         IoU 0.6651  Dice 0.7989
  над габаритом   IoU 0.7446  Dice 0.8536
ложные блокировки: pred=702996  gt=720756
слой   высота, м    IoU     Dice
  0     -0.80       0.9589  0.9790
  1     -0.40       0.8927  0.9433
  2      0.00       0.8258  0.9046
  3      0.40       0.7500  0.8572
  4      0.80       0.6822  0.8111
  5      1.20       0.6380  0.7790
  6      1.60       0.6300  0.7730
  7      2.00       0.6330  0.7752
  8      2.40       0.6450  0.7842
  9      2.80       0.6628  0.7972
 10      3.20       0.6895  0.8162
 11      3.60       0.7195  0.8369
 12      4.00       0.7661  0.8675
 13      4.40       0.8170  0.8993
 14      4.80       0.8654  0.9278
 15      5.20       0.9054  0.9503
false-block rate: 3.85%  (лишние торможения)
miss rate       : 5.41%  (риск столкновения)
соотношение fb/miss: 0.71
высота, м   false-block%   miss%
   1.5          2.88       5.56
   2.0          3.85       5.41
   2.5          4.21       5.31
   3.0          4.48       5.24
   3.5          4.68       5.05
   4.0          4.89       4.66
epoch 57  loss 0.1696  21s
IoU занятости  : 0.7727
Dice занятости : 0.8718
  под колёсами    IoU 0.9207  Dice 0.9587
  габарит         IoU 0.6630  Dice 0.7974
  над габаритом   IoU 0.7411  Dice 0.8513
ложные блокировки: pred=701647  gt=720756
слой   высота, м    IoU     Dice
  0     -0.80       0.9588  0.9790
  1     -0.40       0.8926  0.9433
  2      0.00       0.8249  0.9041
  3      0.40       0.7495  0.8568
  4      0.80       0.6801  0.8096
  5      1.20       0.6367  0.7780
  6      1.60       0.6277  0.7713
  7      2.00       0.6294  0.7725
  8      2.40       0.6373  0.7785
  9      2.80       0.6558  0.7921
 10      3.20       0.6838  0.8122
 11      3.60       0.7182  0.8360
 12      4.00       0.7674  0.8684
 13      4.40       0.8176  0.8996
 14      4.80       0.8650  0.9276
 15      5.20       0.9054  0.9503
false-block rate: 3.90%  (лишние торможения)
miss rate       : 5.27%  (риск столкновения)
соотношение fb/miss: 0.74
высота, м   false-block%   miss%
   1.5          2.91       5.41
   2.0          3.90       5.27
   2.5          4.27       5.15
   3.0          4.55       5.07
   3.5          4.74       4.89
   4.0          4.94       4.57
epoch 58  loss 0.1704  21s
IoU занятости  : 0.7755
Dice занятости : 0.8735
  под колёсами    IoU 0.9209  Dice 0.9588
  габарит         IoU 0.6674  Dice 0.8005
  над габаритом   IoU 0.7440  Dice 0.8532
ложные блокировки: pred=703053  gt=720756
слой   высота, м    IoU     Dice
  0     -0.80       0.9586  0.9789
  1     -0.40       0.8922  0.9430
  2      0.00       0.8262  0.9048
  3      0.40       0.7530  0.8591
  4      0.80       0.6845  0.8127
  5      1.20       0.6408  0.7811
  6      1.60       0.6327  0.7750
  7      2.00       0.6341  0.7761
  8      2.40       0.6405  0.7809
  9      2.80       0.6582  0.7938
 10      3.20       0.6860  0.8137
 11      3.60       0.7206  0.8376
 12      4.00       0.7708  0.8706
 13      4.40       0.8212  0.9018
 14      4.80       0.8684  0.9296
 15      5.20       0.9074  0.9515
false-block rate: 3.74%  (лишние торможения)
miss rate       : 5.67%  (риск столкновения)
соотношение fb/miss: 0.66
высота, м   false-block%   miss%
   1.5          2.78       5.87
   2.0          3.74       5.67
   2.5          4.11       5.52
   3.0          4.38       5.40
   3.5          4.58       5.18
   4.0          4.77       4.85
epoch 59  loss 0.1716  21s
IoU занятости  : 0.7772
Dice занятости : 0.8746
  под колёсами    IoU 0.9208  Dice 0.9588
  габарит         IoU 0.6702  Dice 0.8026
  над габаритом   IoU 0.7457  Dice 0.8543
ложные блокировки: pred=704262  gt=720756
слой   высота, м    IoU     Dice
  0     -0.80       0.9588  0.9790
  1     -0.40       0.8922  0.9430
  2      0.00       0.8258  0.9046
  3      0.40       0.7521  0.8585
  4      0.80       0.6856  0.8135
  5      1.20       0.6443  0.7836
  6      1.60       0.6366  0.7780
  7      2.00       0.6391  0.7798
  8      2.40       0.6460  0.7849
  9      2.80       0.6621  0.7967
 10      3.20       0.6888  0.8157
 11      3.60       0.7216  0.8383
 12      4.00       0.7694  0.8696
 13      4.40       0.8194  0.9007
 14      4.80       0.8669  0.9287
 15      5.20       0.9069  0.9512
false-block rate: 3.72%  (лишние торможения)
miss rate       : 5.54%  (риск столкновения)
соотношение fb/miss: 0.67
высота, м   false-block%   miss%
   1.5          2.79       5.60
   2.0          3.72       5.54
   2.5          4.08       5.41
   3.0          4.35       5.31
   3.5          4.54       5.10
   4.0          4.74       4.75
веса сохранены в occ_bevfusion.pth
