device: cuda  режим: BEVFusion (камера+лидар) + 3D-conv голова
кадров: train=324 val=80
параметров: 3.1 млн всего, 0.3 млн обучаемых
/home/voyrus/miniconda3/envs/mmdet3d/lib/python3.8/site-packages/torch/nn/modules/conv.py:459: UserWarning: Applied workaround for CuDNN issue, install nvrtc.so (Triggered internally at ../aten/src/ATen/native/cudnn/Conv_v8.cpp:80.)
  return F.conv2d(input, weight, bias, self.stride,
epoch 0  loss 0.4434  20s
IoU занятости  : 0.7190
Dice занятости : 0.8366
  под колёсами    IoU 0.9586  Dice 0.9789
  габарит         IoU 0.5814  Dice 0.7353
  над габаритом   IoU 0.6322  Dice 0.7747
ложные блокировки: pred=610166  gt=719946
слой   высота, м    IoU     Dice
  0     -0.80       0.9937  0.9968
  1     -0.40       0.9609  0.9801
  2      0.00       0.8613  0.9255
  3      0.40       0.7023  0.8251
  4      0.80       0.5781  0.7327
  5      1.20       0.5294  0.6923
  6      1.60       0.5215  0.6855
  7      2.00       0.5421  0.7031
  8      2.40       0.5579  0.7162
  9      2.80       0.5772  0.7319
 10      3.20       0.5984  0.7488
 11      3.60       0.6362  0.7777
 12      4.00       0.6681  0.8010
 13      4.40       0.6914  0.8176
 14      4.80       0.6946  0.8198
 15      5.20       0.6937  0.8192
false-block rate: 5.01%  (лишние торможения)
miss rate       : 14.44%  (риск столкновения)
соотношение fb/miss: 0.35
высота, м   false-block%   miss%
   1.5          4.49      11.00
   2.0          5.01      14.44
   2.5          5.09      15.59
   3.0          5.19      15.98
   3.5          5.29      16.08
   4.0          5.32      16.29
epoch 1  loss 0.2931  21s
IoU занятости  : 0.7202
Dice занятости : 0.8374
  под колёсами    IoU 0.9379  Dice 0.9680
  габарит         IoU 0.5849  Dice 0.7381
  над габаритом   IoU 0.6441  Dice 0.7835
ложные блокировки: pred=650600  gt=719946
слой   высота, м    IoU     Dice
  0     -0.80       0.9949  0.9974
  1     -0.40       0.9641  0.9817
  2      0.00       0.7416  0.8516
  3      0.40       0.6654  0.7991
  4      0.80       0.5967  0.7475
  5      1.20       0.5500  0.7096
  6      1.60       0.5461  0.7064
  7      2.00       0.5629  0.7203
  8      2.40       0.5754  0.7305
  9      2.80       0.5986  0.7489
 10      3.20       0.6241  0.7685
 11      3.60       0.6522  0.7895
 12      4.00       0.6729  0.8045
 13      4.40       0.6840  0.8124
 14      4.80       0.6949  0.8200
 15      5.20       0.7076  0.8288
false-block rate: 2.76%  (лишние торможения)
miss rate       : 28.99%  (риск столкновения)
соотношение fb/miss: 0.10
высота, м   false-block%   miss%
   1.5          2.24      28.80
   2.0          2.76      28.99
   2.5          2.90      28.83
   3.0          2.95      28.66
   3.5          2.94      28.66
   4.0          2.89      28.75
epoch 2  loss 0.2524  20s
IoU занятости  : 0.7321
Dice занятости : 0.8454
  под колёсами    IoU 0.9397  Dice 0.9689
  габарит         IoU 0.5807  Dice 0.7348
  над габаритом   IoU 0.6754  Dice 0.8063
ложные блокировки: pred=710747  gt=719946
слой   высота, м    IoU     Dice
  0     -0.80       0.9952  0.9976
  1     -0.40       0.9653  0.9824
  2      0.00       0.7454  0.8541
  3      0.40       0.6338  0.7758
  4      0.80       0.5828  0.7364
  5      1.20       0.5490  0.7088
  6      1.60       0.5545  0.7134
  7      2.00       0.5819  0.7357
  8      2.40       0.5909  0.7428
  9      2.80       0.6065  0.7550
 10      3.20       0.6273  0.7709
 11      3.60       0.6589  0.7944
 12      4.00       0.6940  0.8193
 13      4.40       0.7196  0.8369
 14      4.80       0.7531  0.8592
 15      5.20       0.8360  0.9107
false-block rate: 2.02%  (лишние торможения)
miss rate       : 34.06%  (риск столкновения)
соотношение fb/miss: 0.06
высота, м   false-block%   miss%
   1.5          1.65      34.55
   2.0          2.02      34.06
   2.5          2.17      33.51
   3.0          2.35      32.39
   3.5          2.48      31.46
   4.0          2.56      30.72
epoch 3  loss 0.2267  21s
IoU занятости  : 0.5823
Dice занятости : 0.7360
  под колёсами    IoU 0.9636  Dice 0.9814
  габарит         IoU 0.4343  Dice 0.6056
  над габаритом   IoU 0.5181  Dice 0.6826
ложные блокировки: pred=515086  gt=719946
слой   высота, м    IoU     Dice
  0     -0.80       0.9955  0.9978
  1     -0.40       0.9657  0.9826
  2      0.00       0.8743  0.9329
  3      0.40       0.6965  0.8211
  4      0.80       0.5065  0.6724
  5      1.20       0.3831  0.5540
  6      1.60       0.3450  0.5130
  7      2.00       0.3526  0.5213
  8      2.40       0.3673  0.5373
  9      2.80       0.3880  0.5591
 10      3.20       0.4277  0.5991
 11      3.60       0.5033  0.6696
 12      4.00       0.6341  0.7761
 13      4.40       0.7090  0.8297
 14      4.80       0.7830  0.8783
 15      5.20       0.8596  0.9245
false-block rate: 14.01%  (лишние торможения)
miss rate       : 0.23%  (риск столкновения)
соотношение fb/miss: 60.74
высота, м   false-block%   miss%
   1.5         10.13       0.14
   2.0         14.01       0.23
   2.5         14.90       0.30
   3.0         15.58       0.37
   3.5         16.03       0.37
   4.0         16.30       0.42
epoch 4  loss 0.2085  20s
IoU занятости  : 0.5618
Dice занятости : 0.7194
  под колёсами    IoU 0.9635  Dice 0.9814
  габарит         IoU 0.4098  Dice 0.5814
  над габаритом   IoU 0.5016  Dice 0.6681
ложные блокировки: pred=493254  gt=719946
слой   высота, м    IoU     Dice
  0     -0.80       0.9958  0.9979
  1     -0.40       0.9656  0.9825
  2      0.00       0.8733  0.9324
  3      0.40       0.6884  0.8154
  4      0.80       0.4861  0.6542
  5      1.20       0.3600  0.5294
  6      1.60       0.3186  0.4833
  7      2.00       0.3276  0.4935
  8      2.40       0.3497  0.5182
  9      2.80       0.3815  0.5523
 10      3.20       0.4196  0.5912
 11      3.60       0.4840  0.6523
 12      4.00       0.5885  0.7410
 13      4.40       0.6772  0.8075
 14      4.80       0.7727  0.8718
 15      5.20       0.8592  0.9242
false-block rate: 15.34%  (лишние торможения)
miss rate       : 0.22%  (риск столкновения)
соотношение fb/miss: 69.87
высота, м   false-block%   miss%
   1.5         11.01       0.13
   2.0         15.34       0.22
   2.5         16.32       0.28
   3.0         17.03       0.34
   3.5         17.50       0.34
   4.0         17.82       0.32
epoch 5  loss 0.1947  21s
IoU занятости  : 0.6215
Dice занятости : 0.7666
  под колёсами    IoU 0.9737  Dice 0.9867
  габарит         IoU 0.4926  Dice 0.6600
  над габаритом   IoU 0.5363  Dice 0.6982
ложные блокировки: pred=604023  gt=719946
слой   высота, м    IoU     Dice
  0     -0.80       0.9958  0.9979
  1     -0.40       0.9753  0.9875
  2      0.00       0.9086  0.9521
  3      0.40       0.7796  0.8761
  4      0.80       0.6125  0.7597
  5      1.20       0.4704  0.6398
  6      1.60       0.3868  0.5578
  7      2.00       0.3699  0.5400
  8      2.40       0.3887  0.5598
  9      2.80       0.4302  0.6016
 10      3.20       0.4811  0.6497
 11      3.60       0.5259  0.6893
 12      4.00       0.5750  0.7301
 13      4.40       0.6547  0.7913
 14      4.80       0.7584  0.8626
 15      5.20       0.8579  0.9235
false-block rate: 10.20%  (лишние торможения)
miss rate       : 2.96%  (риск столкновения)
соотношение fb/miss: 3.45
высота, м   false-block%   miss%
   1.5          6.29       4.19
   2.0         10.20       2.96
   2.5         11.08       2.67
   3.0         11.67       2.60
   3.5         12.06       2.50
   4.0         12.41       2.36
epoch 6  loss 0.1821  21s
IoU занятости  : 0.7567
Dice занятости : 0.8615
  под колёсами    IoU 0.9676  Dice 0.9835
  габарит         IoU 0.6327  Dice 0.7750
  над габаритом   IoU 0.6619  Dice 0.7966
ложные блокировки: pred=664462  gt=719946
слой   высота, м    IoU     Dice
  0     -0.80       0.9958  0.9979
  1     -0.40       0.9663  0.9829
  2      0.00       0.8908  0.9422
  3      0.40       0.7626  0.8653
  4      0.80       0.6641  0.7982
  5      1.20       0.5668  0.7235
  6      1.60       0.5519  0.7113
  7      2.00       0.5625  0.7200
  8      2.40       0.5724  0.7281
  9      2.80       0.5959  0.7468
 10      3.20       0.6178  0.7637
 11      3.60       0.6444  0.7838
 12      4.00       0.6702  0.8025
 13      4.40       0.7072  0.8285
 14      4.80       0.7432  0.8527
 15      5.20       0.8017  0.8900
false-block rate: 2.90%  (лишние торможения)
miss rate       : 16.17%  (риск столкновения)
соотношение fb/miss: 0.18
высота, м   false-block%   miss%
   1.5          2.80      11.32
   2.0          2.90      16.17
   2.5          2.92      17.62
   3.0          2.95      18.38
   3.5          2.97      18.80
   4.0          2.98      19.09
epoch 7  loss 0.1804  21s
IoU занятости  : 0.7822
Dice занятости : 0.8778
  под колёсами    IoU 0.9730  Dice 0.9863
  габарит         IoU 0.6411  Dice 0.7813
  над габаритом   IoU 0.7276  Dice 0.8423
ложные блокировки: pred=732673  gt=719946
слой   высота, м    IoU     Dice
  0     -0.80       0.9958  0.9979
  1     -0.40       0.9690  0.9842
  2      0.00       0.9124  0.9542
  3      0.40       0.7510  0.8578
  4      0.80       0.6472  0.7858
  5      1.20       0.5899  0.7420
  6      1.60       0.5885  0.7410
  7      2.00       0.6142  0.7610
  8      2.40       0.6291  0.7723
  9      2.80       0.6523  0.7896
 10      3.20       0.6775  0.8077
 11      3.60       0.7099  0.8303
 12      4.00       0.7401  0.8506
 13      4.40       0.7720  0.8713
 14      4.80       0.8297  0.9070
 15      5.20       0.8764  0.9341
false-block rate: 2.08%  (лишние торможения)
miss rate       : 22.56%  (риск столкновения)
соотношение fb/miss: 0.09
высота, м   false-block%   miss%
   1.5          1.80      21.21
   2.0          2.08      22.56
   2.5          2.16      22.77
   3.0          2.24      22.33
   3.5          2.30      21.90
   4.0          2.37      21.18
epoch 8  loss 0.1734  21s
IoU занятости  : 0.7055
Dice занятости : 0.8273
  под колёсами    IoU 0.9604  Dice 0.9798
  габарит         IoU 0.5327  Dice 0.6951
  над габаритом   IoU 0.6983  Dice 0.8224
ложные блокировки: pred=578535  gt=719946
слой   высота, м    IoU     Dice
  0     -0.80       0.9958  0.9979
  1     -0.40       0.9796  0.9897
  2      0.00       0.8329  0.9088
  3      0.40       0.7634  0.8658
  4      0.80       0.5886  0.7411
  5      1.20       0.4734  0.6426
  6      1.60       0.4338  0.6051
  7      2.00       0.4865  0.6545
  8      2.40       0.5450  0.7055
  9      2.80       0.6148  0.7614
 10      3.20       0.6605  0.7955
 11      3.60       0.7117  0.8316
 12      4.00       0.7504  0.8574
 13      4.40       0.7783  0.8753
 14      4.80       0.8377  0.9117
 15      5.20       0.8900  0.9418
false-block rate: 9.14%  (лишние торможения)
miss rate       : 3.73%  (риск столкновения)
соотношение fb/miss: 2.45
высота, м   false-block%   miss%
   1.5          6.65       4.42
   2.0          9.14       3.73
   2.5          9.59       3.82
   3.0          9.84       4.07
   3.5          9.95       4.32
   4.0          9.97       4.68
epoch 9  loss 0.1701  21s
IoU занятости  : 0.6595
Dice занятости : 0.7948
  под колёсами    IoU 0.9690  Dice 0.9842
  габарит         IoU 0.5492  Dice 0.7090
  над габаритом   IoU 0.5671  Dice 0.7237
ложные блокировки: pred=628994  gt=719946
слой   высота, м    IoU     Dice
  0     -0.80       0.9958  0.9979
  1     -0.40       0.9672  0.9833
  2      0.00       0.8962  0.9453
  3      0.40       0.7710  0.8707
  4      0.80       0.6160  0.7624
  5      1.20       0.5164  0.6811
  6      1.60       0.4586  0.6288
  7      2.00       0.4484  0.6192
  8      2.40       0.4396  0.6107
  9      2.80       0.4515  0.6221
 10      3.20       0.4858  0.6539
 11      3.60       0.5389  0.7004
 12      4.00       0.6109  0.7584
 13      4.40       0.7089  0.8296
 14      4.80       0.8035  0.8910
 15      5.20       0.8722  0.9317
false-block rate: 8.78%  (лишние торможения)
miss rate       : 1.65%  (риск столкновения)
соотношение fb/miss: 5.32
высота, м   false-block%   miss%
   1.5          6.02       1.66
   2.0          8.78       1.65
   2.5          9.64       1.58
   3.0         10.32       1.48
   3.5         10.83       1.36
   4.0         11.27       1.23
epoch 10  loss 0.1681  22s
IoU занятости  : 0.7445
Dice занятости : 0.8536
  под колёсами    IoU 0.9650  Dice 0.9822
  габарит         IoU 0.6213  Dice 0.7665
  над габаритом   IoU 0.6873  Dice 0.8147
ложные блокировки: pred=630823  gt=719946
слой   высота, м    IoU     Dice
  0     -0.80       0.9958  0.9979
  1     -0.40       0.9663  0.9828
  2      0.00       0.8793  0.9358
  3      0.40       0.7225  0.8389
  4      0.80       0.6018  0.7514
  5      1.20       0.5987  0.7490
  6      1.60       0.5906  0.7426
  7      2.00       0.5886  0.7410
  8      2.40       0.5503  0.7099
  9      2.80       0.5734  0.7289
 10      3.20       0.6313  0.7740
 11      3.60       0.6962  0.8209
 12      4.00       0.7474  0.8555
 13      4.40       0.7934  0.8848
 14      4.80       0.8463  0.9168
 15      5.20       0.8882  0.9408
false-block rate: 7.07%  (лишние торможения)
miss rate       : 2.56%  (риск столкновения)
соотношение fb/miss: 2.76
высота, м   false-block%   miss%
   1.5          5.92       1.36
   2.0          7.07       2.56
   2.5          7.77       2.34
   3.0          8.17       2.47
   3.5          8.33       2.69
   4.0          8.40       2.99
epoch 11  loss 0.1646  21s
IoU занятости  : 0.6953
Dice занятости : 0.8203
  под колёсами    IoU 0.9719  Dice 0.9858
  габарит         IoU 0.5232  Dice 0.6870
  над габаритом   IoU 0.6767  Dice 0.8072
ложные блокировки: pred=574842  gt=719946
слой   высота, м    IoU     Dice
  0     -0.80       0.9958  0.9979
  1     -0.40       0.9721  0.9858
  2      0.00       0.9044  0.9498
  3      0.40       0.7526  0.8588
  4      0.80       0.5920  0.7437
  5      1.20       0.4868  0.6548
  6      1.60       0.4284  0.5999
  7      2.00       0.4299  0.6013
  8      2.40       0.4954  0.6625
  9      2.80       0.5730  0.7286
 10      3.20       0.6619  0.7966
 11      3.60       0.7115  0.8314
 12      4.00       0.7547  0.8602
 13      4.40       0.7892  0.8822
 14      4.80       0.8225  0.9026
 15      5.20       0.8957  0.9450
false-block rate: 9.86%  (лишние торможения)
miss rate       : 0.95%  (риск столкновения)
соотношение fb/miss: 10.36
высота, м   false-block%   miss%
   1.5          6.83       0.95
   2.0          9.86       0.95
   2.5         10.48       1.08
   3.0         10.81       1.30
   3.5         10.90       1.67
   4.0         10.94       2.05
epoch 12  loss 0.1608  21s
IoU занятости  : 0.8044
Dice занятости : 0.8916
  под колёсами    IoU 0.9767  Dice 0.9882
  габарит         IoU 0.6862  Dice 0.8139
  над габаритом   IoU 0.7500  Dice 0.8571
ложные блокировки: pred=707691  gt=719946
слой   высота, м    IoU     Dice
  0     -0.80       0.9959  0.9980
  1     -0.40       0.9789  0.9893
  2      0.00       0.9181  0.9573
  3      0.40       0.8039  0.8913
  4      0.80       0.7057  0.8275
  5      1.20       0.6387  0.7795
  6      1.60       0.6209  0.7661
  7      2.00       0.6391  0.7798
  8      2.40       0.6546  0.7912
  9      2.80       0.6754  0.8062
 10      3.20       0.7041  0.8264
 11      3.60       0.7341  0.8467
 12      4.00       0.7625  0.8653
 13      4.40       0.7969  0.8870
 14      4.80       0.8470  0.9172
 15      5.20       0.8821  0.9374
false-block rate: 2.70%  (лишние торможения)
miss rate       : 12.40%  (риск столкновения)
соотношение fb/miss: 0.22
высота, м   false-block%   miss%
   1.5          2.38       9.89
   2.0          2.70      12.40
   2.5          2.78      13.06
   3.0          2.85      13.27
   3.5          2.92      13.08
   4.0          2.98      12.80
epoch 13  loss 0.1626  21s
IoU занятости  : 0.7876
Dice занятости : 0.8812
  под колёсами    IoU 0.9785  Dice 0.9891
  габарит         IoU 0.6754  Dice 0.8063
  над габаритом   IoU 0.7155  Dice 0.8342
ложные блокировки: pred=728538  gt=719946
слой   высота, м    IoU     Dice
  0     -0.80       0.9961  0.9981
  1     -0.40       0.9816  0.9907
  2      0.00       0.9237  0.9603
  3      0.40       0.8057  0.8924
  4      0.80       0.6860  0.8138
  5      1.20       0.6175  0.7635
  6      1.60       0.6137  0.7606
  7      2.00       0.6307  0.7736
  8      2.40       0.6357  0.7773
  9      2.80       0.6479  0.7863
 10      3.20       0.6606  0.7956
 11      3.60       0.6769  0.8073
 12      4.00       0.7241  0.8399
 13      4.40       0.7683  0.8690
 14      4.80       0.8084  0.8940
 15      5.20       0.8708  0.9309
false-block rate: 2.35%  (лишние торможения)
miss rate       : 14.81%  (риск столкновения)
соотношение fb/miss: 0.16
высота, м   false-block%   miss%
   1.5          1.99      12.82
   2.0          2.35      14.81
   2.5          2.58      14.89
   3.0          2.76      14.87
   3.5          3.05      14.44
   4.0          3.36      13.86
epoch 14  loss 0.1575  22s
IoU занятости  : 0.7029
Dice занятости : 0.8256
  под колёсами    IoU 0.9749  Dice 0.9873
  габарит         IoU 0.6437  Dice 0.7832
  над габаритом   IoU 0.5778  Dice 0.7324
ложные блокировки: pred=782044  gt=719946
слой   высота, м    IoU     Dice
  0     -0.80       0.9958  0.9979
  1     -0.40       0.9819  0.9909
  2      0.00       0.9058  0.9505
  3      0.40       0.7478  0.8557
  4      0.80       0.6615  0.7963
  5      1.20       0.6261  0.7701
  6      1.60       0.6216  0.7666
  7      2.00       0.5736  0.7290
  8      2.40       0.5095  0.6751
  9      2.80       0.4862  0.6543
 10      3.20       0.4862  0.6543
 11      3.60       0.5209  0.6850
 12      4.00       0.5835  0.7370
 13      4.40       0.6789  0.8087
 14      4.80       0.7731  0.8720
 15      5.20       0.8636  0.9268
false-block rate: 3.38%  (лишние торможения)
miss rate       : 15.48%  (риск столкновения)
соотношение fb/miss: 0.22
высота, м   false-block%   miss%
   1.5          1.62      21.34
   2.0          3.38      15.48
   2.5          4.74      12.36
   3.0          5.77      10.24
   3.5          6.78       8.62
   4.0          7.49       7.64
epoch 15  loss 0.1544  23s
IoU занятости  : 0.5619
Dice занятости : 0.7195
  под колёсами    IoU 0.9689  Dice 0.9842
  габарит         IoU 0.4414  Dice 0.6125
  над габаритом   IoU 0.4679  Dice 0.6375
ложные блокировки: pred=552322  gt=719946
слой   высота, м    IoU     Dice
  0     -0.80       0.9958  0.9979
  1     -0.40       0.9716  0.9856
  2      0.00       0.8914  0.9426
  3      0.40       0.7240  0.8399
  4      0.80       0.5453  0.7058
  5      1.20       0.4131  0.5847
  6      1.60       0.3480  0.5163
  7      2.00       0.3224  0.4876
  8      2.40       0.3216  0.4867
  9      2.80       0.3416  0.5092
 10      3.20       0.3839  0.5548
 11      3.60       0.4514  0.6221
 12      4.00       0.5512  0.7107
 13      4.40       0.6634  0.7977
 14      4.80       0.7739  0.8725
 15      5.20       0.8647  0.9274
false-block rate: 13.11%  (лишние торможения)
miss rate       : 0.42%  (риск столкновения)
соотношение fb/miss: 31.01
высота, м   false-block%   miss%
   1.5          8.72       0.42
   2.0         13.11       0.42
   2.5         14.38       0.36
   3.0         15.34       0.32
   3.5         15.97       0.28
   4.0         16.40       0.22
epoch 16  loss 0.1512  22s
IoU занятости  : 0.6167
Dice занятости : 0.7629
  под колёсами    IoU 0.9705  Dice 0.9851
  габарит         IoU 0.4585  Dice 0.6287
  над габаритом   IoU 0.5665  Dice 0.7233
ложные блокировки: pred=528055  gt=719946
слой   высота, м    IoU     Dice
  0     -0.80       0.9962  0.9981
  1     -0.40       0.9748  0.9872
  2      0.00       0.8945  0.9443
  3      0.40       0.7179  0.8358
  4      0.80       0.5312  0.6938
  5      1.20       0.4077  0.5792
  6      1.60       0.3665  0.5364
  7      2.00       0.3746  0.5450
  8      2.40       0.4099  0.5815
  9      2.80       0.4543  0.6247
 10      3.20       0.4980  0.6649
 11      3.60       0.5560  0.7147
 12      4.00       0.6276  0.7712
 13      4.40       0.7114  0.8314
 14      4.80       0.7966  0.8868
 15      5.20       0.8727  0.9320
false-block rate: 12.97%  (лишние торможения)
miss rate       : 0.23%  (риск столкновения)
соотношение fb/miss: 56.07
высота, м   false-block%   miss%
   1.5          9.28       0.13
   2.0         12.97       0.23
   2.5         13.78       0.29
   3.0         14.29       0.38
   3.5         14.64       0.39
   4.0         14.96       0.34
epoch 17  loss 0.1494  21s
IoU занятости  : 0.7203
Dice занятости : 0.8374
  под колёсами    IoU 0.9796  Dice 0.9897
  габарит         IoU 0.6033  Dice 0.7526
  над габаритом   IoU 0.6457  Dice 0.7847
ложные блокировки: pred=652285  gt=719946
слой   высота, м    IoU     Dice
  0     -0.80       0.9965  0.9982
  1     -0.40       0.9831  0.9915
  2      0.00       0.9263  0.9618
  3      0.40       0.8026  0.8905
  4      0.80       0.6661  0.7996
  5      1.20       0.5702  0.7262
  6      1.60       0.5139  0.6789
  7      2.00       0.5090  0.6746
  8      2.40       0.5338  0.6961
  9      2.80       0.5513  0.7108
 10      3.20       0.5848  0.7380
 11      3.60       0.6033  0.7526
 12      4.00       0.6681  0.8010
 13      4.40       0.7450  0.8539
 14      4.80       0.8245  0.9038
 15      5.20       0.8871  0.9402
false-block rate: 6.87%  (лишние торможения)
miss rate       : 2.60%  (риск столкновения)
соотношение fb/miss: 2.64
высота, м   false-block%   miss%
   1.5          4.63       2.74
   2.0          6.87       2.60
   2.5          7.48       2.63
   3.0          7.96       2.62
   3.5          8.29       2.53
   4.0          8.79       2.27
epoch 18  loss 0.1469  21s
IoU занятости  : 0.6619
Dice занятости : 0.7965
  под колёсами    IoU 0.9719  Dice 0.9857
  габарит         IoU 0.5294  Dice 0.6923
  над габаритом   IoU 0.5900  Dice 0.7421
ложные блокировки: pred=586856  gt=719946
слой   высота, м    IoU     Dice
  0     -0.80       0.9966  0.9983
  1     -0.40       0.9759  0.9878
  2      0.00       0.8983  0.9464
  3      0.40       0.7300  0.8439
  4      0.80       0.5671  0.7237
  5      1.20       0.4823  0.6507
  6      1.60       0.4555  0.6259
  7      2.00       0.4565  0.6268
  8      2.40       0.4579  0.6282
  9      2.80       0.4867  0.6547
 10      3.20       0.5265  0.6898
 11      3.60       0.5657  0.7227
 12      4.00       0.6270  0.7708
 13      4.40       0.6997  0.8233
 14      4.80       0.7905  0.8830
 15      5.20       0.8697  0.9303
false-block rate: 10.26%  (лишние торможения)
miss rate       : 0.66%  (риск столкновения)
соотношение fb/miss: 15.53
высота, м   false-block%   miss%
   1.5          7.59       0.34
   2.0         10.26       0.66
   2.5         10.99       0.74
   3.0         11.49       0.78
   3.5         11.82       0.75
   4.0         12.14       0.65
epoch 19  loss 0.1430  21s
IoU занятости  : 0.7832
Dice занятости : 0.8785
  под колёсами    IoU 0.9697  Dice 0.9846
  габарит         IoU 0.6411  Dice 0.7813
  над габаритом   IoU 0.7628  Dice 0.8655
ложные блокировки: pred=611261  gt=719946
слой   высота, м    IoU     Dice
  0     -0.80       0.9958  0.9979
  1     -0.40       0.9728  0.9862
  2      0.00       0.8936  0.9438
  3      0.40       0.7183  0.8361
  4      0.80       0.5907  0.7427
  5      1.20       0.6016  0.7512
  6      1.60       0.6429  0.7827
  7      2.00       0.6668  0.8001
  8      2.40       0.6815  0.8106
  9      2.80       0.6976  0.8219
 10      3.20       0.7165  0.8348
 11      3.60       0.7362  0.8481
 12      4.00       0.7686  0.8692
 13      4.40       0.8164  0.8989
 14      4.80       0.8596  0.9245
 15      5.20       0.9012  0.9480
false-block rate: 7.16%  (лишние торможения)
miss rate       : 2.27%  (риск столкновения)
соотношение fb/miss: 3.15
высота, м   false-block%   miss%
   1.5          6.40       0.76
   2.0          7.16       2.27
   2.5          7.32       3.00
   3.0          7.44       3.57
   3.5          7.55       3.67
   4.0          7.70       3.52
epoch 20  loss 0.1422  21s
IoU занятости  : 0.7286
Dice занятости : 0.8430
  под колёсами    IoU 0.9794  Dice 0.9896
  габарит         IoU 0.6286  Dice 0.7720
  над габаритом   IoU 0.6421  Dice 0.7821
ложные блокировки: pred=662445  gt=719946
слой   высота, м    IoU     Dice
  0     -0.80       0.9969  0.9985
  1     -0.40       0.9815  0.9906
  2      0.00       0.9256  0.9613
  3      0.40       0.8163  0.8988
  4      0.80       0.6855  0.8134
  5      1.20       0.5946  0.7457
  6      1.60       0.5555  0.7143
  7      2.00       0.5274  0.6906
  8      2.40       0.5249  0.6884
  9      2.80       0.5274  0.6906
 10      3.20       0.5683  0.7247
 11      3.60       0.6171  0.7632
 12      4.00       0.6884  0.8154
 13      4.40       0.7589  0.8629
 14      4.80       0.8291  0.9066
 15      5.20       0.8876  0.9404
false-block rate: 6.12%  (лишние торможения)
miss rate       : 3.21%  (риск столкновения)
соотношение fb/miss: 1.91
высота, м   false-block%   miss%
   1.5          4.10       3.52
   2.0          6.12       3.21
   2.5          6.79       3.06
   3.0          7.38       2.91
   3.5          7.68       2.79
   4.0          7.95       2.63
epoch 21  loss 0.1395  21s
IoU занятости  : 0.7844
Dice занятости : 0.8792
  под колёсами    IoU 0.9605  Dice 0.9799
  габарит         IoU 0.6605  Dice 0.7956
  над габаритом   IoU 0.7370  Dice 0.8486
ложные блокировки: pred=738422  gt=719946
слой   высота, м    IoU     Dice
  0     -0.80       0.9970  0.9985
  1     -0.40       0.9715  0.9855
  2      0.00       0.8381  0.9119
  3      0.40       0.7380  0.8492
  4      0.80       0.6680  0.8010
  5      1.20       0.6293  0.7725
  6      1.60       0.6281  0.7716
  7      2.00       0.6381  0.7790
  8      2.40       0.6426  0.7824
  9      2.80       0.6528  0.7899
 10      3.20       0.6767  0.8072
 11      3.60       0.7100  0.8304
 12      4.00       0.7579  0.8622
 13      4.40       0.8125  0.8965
 14      4.80       0.8588  0.9241
 15      5.20       0.9038  0.9495
false-block rate: 2.01%  (лишние торможения)
miss rate       : 22.18%  (риск столкновения)
соотношение fb/miss: 0.09
высота, м   false-block%   miss%
   1.5          1.27      24.67
   2.0          2.01      22.18
   2.5          2.34      20.92
   3.0          2.64      19.55
   3.5          2.87      18.26
   4.0          3.07      17.18
epoch 22  loss 0.1375  22s
IoU занятости  : 0.7712
Dice занятости : 0.8708
  под колёсами    IoU 0.9752  Dice 0.9875
  габарит         IoU 0.6183  Dice 0.7641
  над габаритом   IoU 0.7566  Dice 0.8615
ложные блокировки: pred=600951  gt=719946
слой   высота, м    IoU     Dice
  0     -0.80       0.9970  0.9985
  1     -0.40       0.9799  0.9898
  2      0.00       0.9085  0.9520
  3      0.40       0.7540  0.8598
  4      0.80       0.6113  0.7588
  5      1.20       0.5486  0.7085
  6      1.60       0.5698  0.7260
  7      2.00       0.6242  0.7686
  8      2.40       0.6624  0.7969
  9      2.80       0.6925  0.8183
 10      3.20       0.7141  0.8332
 11      3.60       0.7305  0.8443
 12      4.00       0.7675  0.8685
 13      4.40       0.8116  0.8960
 14      4.80       0.8631  0.9265
 15      5.20       0.9047  0.9500
false-block rate: 7.64%  (лишние торможения)
miss rate       : 1.63%  (риск столкновения)
соотношение fb/miss: 4.70
высота, м   false-block%   miss%
   1.5          6.30       0.72
   2.0          7.64       1.63
   2.5          7.86       2.20
   3.0          7.98       2.70
   3.5          8.09       2.89
   4.0          8.23       2.92
epoch 23  loss 0.1362  22s
IoU занятости  : 0.7822
Dice занятости : 0.8778
  под колёсами    IoU 0.9788  Dice 0.9893
  габарит         IoU 0.6761  Dice 0.8068
  над габаритом   IoU 0.7177  Dice 0.8357
ложные блокировки: pred=698790  gt=719946
слой   высота, м    IoU     Dice
  0     -0.80       0.9967  0.9983
  1     -0.40       0.9821  0.9910
  2      0.00       0.9224  0.9596
  3      0.40       0.8212  0.9018
  4      0.80       0.7135  0.8328
  5      1.20       0.6332  0.7754
  6      1.60       0.6077  0.7560
  7      2.00       0.6099  0.7577
  8      2.40       0.6182  0.7640
  9      2.80       0.6253  0.7695
 10      3.20       0.6543  0.7910
 11      3.60       0.6915  0.8176
 12      4.00       0.7463  0.8547
 13      4.40       0.8038  0.8912
 14      4.80       0.8553  0.9220
 15      5.20       0.9037  0.9494
false-block rate: 3.79%  (лишние торможения)
miss rate       : 8.28%  (риск столкновения)
соотношение fb/miss: 0.46
высота, м   false-block%   miss%
   1.5          2.72       8.28
   2.0          3.79       8.28
   2.5          4.22       7.93
   3.0          4.60       7.50
   3.5          4.85       7.10
   4.0          5.09       6.69
epoch 24  loss 0.1331  21s
IoU занятости  : 0.7640
Dice занятости : 0.8662
  под колёсами    IoU 0.9804  Dice 0.9901
  габарит         IoU 0.6724  Dice 0.8041
  над габаритом   IoU 0.6823  Dice 0.8112
ложные блокировки: pred=688826  gt=719946
слой   высота, м    IoU     Dice
  0     -0.80       0.9971  0.9986
  1     -0.40       0.9834  0.9916
  2      0.00       0.9280  0.9627
  3      0.40       0.8232  0.9031
  4      0.80       0.7161  0.8346
  5      1.20       0.6356  0.7772
  6      1.60       0.6042  0.7533
  7      2.00       0.5953  0.7463
  8      2.40       0.5820  0.7358
  9      2.80       0.5813  0.7352
 10      3.20       0.6046  0.7536
 11      3.60       0.6505  0.7882
 12      4.00       0.7166  0.8349
 13      4.40       0.7885  0.8818
 14      4.80       0.8481  0.9178
 15      5.20       0.8981  0.9463
false-block rate: 4.73%  (лишние торможения)
miss rate       : 4.53%  (риск столкновения)
соотношение fb/miss: 1.05
высота, м   false-block%   miss%
   1.5          3.32       4.54
   2.0          4.73       4.53
   2.5          5.33       4.26
   3.0          5.83       3.99
   3.5          6.17       3.75
   4.0          6.42       3.55
epoch 25  loss 0.1333  23s
IoU занятости  : 0.8027
Dice занятости : 0.8906
  под колёсами    IoU 0.9772  Dice 0.9885
  габарит         IoU 0.6811  Dice 0.8103
  над габаритом   IoU 0.7520  Dice 0.8585
ложные блокировки: pred=699869  gt=719946
слой   высота, м    IoU     Dice
  0     -0.80       0.9973  0.9987
  1     -0.40       0.9829  0.9914
  2      0.00       0.9112  0.9536
  3      0.40       0.7844  0.8792
  4      0.80       0.6873  0.8147
  5      1.20       0.6340  0.7760
  6      1.60       0.6349  0.7767
  7      2.00       0.6534  0.7903
  8      2.40       0.6614  0.7962
  9      2.80       0.6774  0.8077
 10      3.20       0.7014  0.8245
 11      3.60       0.7282  0.8428
 12      4.00       0.7633  0.8658
 13      4.40       0.8057  0.8924
 14      4.80       0.8576  0.9233
 15      5.20       0.9059  0.9506
false-block rate: 2.69%  (лишние торможения)
miss rate       : 15.53%  (риск столкновения)
соотношение fb/miss: 0.17
высота, м   false-block%   miss%
   1.5          2.27      14.46
   2.0          2.69      15.53
   2.5          2.85      15.63
   3.0          2.96      15.58
   3.5          3.09      15.26
   4.0          3.21      14.70
epoch 26  loss 0.1298  24s
IoU занятости  : 0.7152
Dice занятости : 0.8339
  под колёсами    IoU 0.9746  Dice 0.9871
  габарит         IoU 0.5532  Dice 0.7123
  над габаритом   IoU 0.6907  Dice 0.8171
ложные блокировки: pred=578226  gt=719946
слой   высота, м    IoU     Dice
  0     -0.80       0.9969  0.9985
  1     -0.40       0.9786  0.9892
  2      0.00       0.9072  0.9514
  3      0.40       0.7484  0.8561
  4      0.80       0.5694  0.7256
  5      1.20       0.4866  0.6547
  6      1.60       0.4817  0.6502
  7      2.00       0.5205  0.6847
  8      2.40       0.5581  0.7164
  9      2.80       0.6001  0.7501
 10      3.20       0.6468  0.7855
 11      3.60       0.6799  0.8094
 12      4.00       0.7288  0.8431
 13      4.40       0.7824  0.8779
 14      4.80       0.8308  0.9076
 15      5.20       0.8820  0.9373
false-block rate: 9.72%  (лишние торможения)
miss rate       : 0.69%  (риск столкновения)
соотношение fb/miss: 14.14
высота, м   false-block%   miss%
   1.5          7.42       0.43
   2.0          9.72       0.69
   2.5         10.22       0.87
   3.0         10.53       1.09
   3.5         10.71       1.22
   4.0         10.92       1.12
epoch 27  loss 0.1285  24s
IoU занятости  : 0.8002
Dice занятости : 0.8890
  под колёсами    IoU 0.9787  Dice 0.9892
  габарит         IoU 0.6980  Dice 0.8221
  над габаритом   IoU 0.7441  Dice 0.8533
ложные блокировки: pred=682918  gt=719946
слой   высота, м    IoU     Dice
  0     -0.80       0.9975  0.9987
  1     -0.40       0.9781  0.9889
  2      0.00       0.9243  0.9606
  3      0.40       0.8257  0.9045
  4      0.80       0.7154  0.8341
  5      1.20       0.6478  0.7863
  6      1.60       0.6478  0.7863
  7      2.00       0.6514  0.7889
  8      2.40       0.6612  0.7960
  9      2.80       0.6694  0.8019
 10      3.20       0.6929  0.8186
 11      3.60       0.7220  0.8386
 12      4.00       0.7572  0.8618
 13      4.40       0.8042  0.8915
 14      4.80       0.8526  0.9204
 15      5.20       0.8965  0.9454
false-block rate: 4.27%  (лишние торможения)
miss rate       : 4.98%  (риск столкновения)
соотношение fb/miss: 0.86
высота, м   false-block%   miss%
   1.5          3.31       4.48
   2.0          4.27       4.98
   2.5          4.61       5.05
   3.0          4.89       4.96
   3.5          5.10       4.77
   4.0          5.31       4.48
epoch 28  loss 0.1270  23s
IoU занятости  : 0.7822
Dice занятости : 0.8778
  под колёсами    IoU 0.9802  Dice 0.9900
  габарит         IoU 0.6499  Dice 0.7878
  над габаритом   IoU 0.7468  Dice 0.8550
ложные блокировки: pred=650127  gt=719946
слой   высота, м    IoU     Dice
  0     -0.80       0.9975  0.9987
  1     -0.40       0.9837  0.9918
  2      0.00       0.9259  0.9615
  3      0.40       0.8103  0.8952
  4      0.80       0.6789  0.8088
  5      1.20       0.5994  0.7496
  6      1.60       0.5782  0.7328
  7      2.00       0.5984  0.7488
  8      2.40       0.6410  0.7812
  9      2.80       0.6717  0.8036
 10      3.20       0.7102  0.8306
 11      3.60       0.7390  0.8499
 12      4.00       0.7732  0.8721
 13      4.40       0.8114  0.8959
 14      4.80       0.8466  0.9169
 15      5.20       0.8839  0.9384
false-block rate: 5.85%  (лишние торможения)
miss rate       : 2.72%  (риск столкновения)
соотношение fb/miss: 2.15
высота, м   false-block%   miss%
   1.5          4.34       2.53
   2.0          5.85       2.72
   2.5          6.17       2.97
   3.0          6.38       3.18
   3.5          6.49       3.37
   4.0          6.62       3.25
epoch 29  loss 0.1263  20s
IoU занятости  : 0.7706
Dice занятости : 0.8704
  под колёсами    IoU 0.9792  Dice 0.9895
  габарит         IoU 0.6397  Dice 0.7802
  над габаритом   IoU 0.7298  Dice 0.8438
ложные блокировки: pred=642071  gt=719946
слой   высота, м    IoU     Dice
  0     -0.80       0.9973  0.9987
  1     -0.40       0.9820  0.9909
  2      0.00       0.9240  0.9605
  3      0.40       0.7999  0.8888
  4      0.80       0.6660  0.7995
  5      1.20       0.5862  0.7391
  6      1.60       0.5697  0.7259
  7      2.00       0.5919  0.7437
  8      2.40       0.6165  0.7627
  9      2.80       0.6488  0.7870
 10      3.20       0.6823  0.8112
 11      3.60       0.7143  0.8333
 12      4.00       0.7557  0.8609
 13      4.40       0.8049  0.8919
 14      4.80       0.8578  0.9235
 15      5.20       0.9003  0.9475
false-block rate: 6.32%  (лишние торможения)
miss rate       : 1.90%  (риск столкновения)
соотношение fb/miss: 3.32
высота, м   false-block%   miss%
   1.5          4.82       1.56
   2.0          6.32       1.90
   2.5          6.70       2.08
   3.0          6.96       2.22
   3.5          7.13       2.26
   4.0          7.32       2.16
epoch 30  loss 0.1240  21s
IoU занятости  : 0.8164
Dice занятости : 0.8990
  под колёсами    IoU 0.9765  Dice 0.9881
  габарит         IoU 0.7081  Dice 0.8291
  над габаритом   IoU 0.7729  Dice 0.8719
ложные блокировки: pred=676257  gt=719946
слой   высота, м    IoU     Dice
  0     -0.80       0.9967  0.9983
  1     -0.40       0.9791  0.9895
  2      0.00       0.9159  0.9561
  3      0.40       0.8039  0.8913
  4      0.80       0.7246  0.8403
  5      1.20       0.6687  0.8015
  6      1.60       0.6573  0.7932
  7      2.00       0.6717  0.8036
  8      2.40       0.6806  0.8100
  9      2.80       0.6981  0.8222
 10      3.20       0.7219  0.8385
 11      3.60       0.7540  0.8598
 12      4.00       0.7938  0.8850
 13      4.40       0.8353  0.9103
 14      4.80       0.8794  0.9358
 15      5.20       0.9175  0.9570
false-block rate: 3.92%  (лишние торможения)
miss rate       : 5.11%  (риск столкновения)
соотношение fb/miss: 0.77
высота, м   false-block%   miss%
   1.5          3.26       3.84
   2.0          3.92       5.11
   2.5          4.15       5.42
   3.0          4.31       5.65
   3.5          4.43       5.73
   4.0          4.52       5.62
epoch 31  loss 0.1224  21s
IoU занятости  : 0.7944
Dice занятости : 0.8854
  под колёсами    IoU 0.9772  Dice 0.9885
  габарит         IoU 0.6700  Dice 0.8024
  над габаритом   IoU 0.7584  Dice 0.8626
ложные блокировки: pred=657429  gt=719946
слой   высота, м    IoU     Dice
  0     -0.80       0.9958  0.9979
  1     -0.40       0.9788  0.9893
  2      0.00       0.9217  0.9592
  3      0.40       0.8105  0.8953
  4      0.80       0.6936  0.8191
  5      1.20       0.6211  0.7662
  6      1.60       0.6113  0.7587
  7      2.00       0.6185  0.7643
  8      2.40       0.6452  0.7844
  9      2.80       0.6806  0.8099
 10      3.20       0.7126  0.8322
 11      3.60       0.7497  0.8569
 12      4.00       0.7880  0.8814
 13      4.40       0.8305  0.9074
 14      4.80       0.8736  0.9325
 15      5.20       0.9093  0.9525
false-block rate: 5.42%  (лишние торможения)
miss rate       : 3.04%  (риск столкновения)
соотношение fb/miss: 1.78
высота, м   false-block%   miss%
   1.5          4.08       2.79
   2.0          5.42       3.04
   2.5          5.78       3.20
   3.0          5.97       3.38
   3.5          6.09       3.52
   4.0          6.18       3.54
epoch 32  loss 0.1204  20s
IoU занятости  : 0.7796
Dice занятости : 0.8761
  под колёсами    IoU 0.9816  Dice 0.9907
  габарит         IoU 0.6730  Dice 0.8045
  над габаритом   IoU 0.7173  Dice 0.8353
ложные блокировки: pred=676589  gt=719946
слой   высота, м    IoU     Dice
  0     -0.80       0.9974  0.9987
  1     -0.40       0.9850  0.9924
  2      0.00       0.9316  0.9646
  3      0.40       0.8315  0.9080
  4      0.80       0.7165  0.8349
  5      1.20       0.6315  0.7741
  6      1.60       0.6015  0.7511
  7      2.00       0.5992  0.7494
  8      2.40       0.6099  0.7577
  9      2.80       0.6324  0.7748
 10      3.20       0.6573  0.7932
 11      3.60       0.6929  0.8186
 12      4.00       0.7491  0.8565
 13      4.40       0.8019  0.8900
 14      4.80       0.8530  0.9207
 15      5.20       0.8990  0.9468
false-block rate: 4.90%  (лишние торможения)
miss rate       : 3.59%  (риск столкновения)
соотношение fb/miss: 1.36
высота, м   false-block%   miss%
   1.5          3.49       3.62
   2.0          4.90       3.59
   2.5          5.39       3.51
   3.0          5.74       3.44
   3.5          5.99       3.33
   4.0          6.22       3.16
epoch 33  loss 0.1198  21s
IoU занятости  : 0.7434
Dice занятости : 0.8528
  под колёсами    IoU 0.9767  Dice 0.9882
  габарит         IoU 0.6012  Dice 0.7509
  над габаритом   IoU 0.7054  Dice 0.8273
ложные блокировки: pred=610942  gt=719946
слой   высота, м    IoU     Dice
  0     -0.80       0.9973  0.9987
  1     -0.40       0.9802  0.9900
  2      0.00       0.9140  0.9551
  3      0.40       0.7642  0.8663
  4      0.80       0.6264  0.7703
  5      1.20       0.5473  0.7074
  6      1.60       0.5322  0.6946
  7      2.00       0.5563  0.7149
  8      2.40       0.5802  0.7343
  9      2.80       0.6110  0.7585
 10      3.20       0.6438  0.7833
 11      3.60       0.6853  0.8133
 12      4.00       0.7453  0.8541
 13      4.40       0.8054  0.8922
 14      4.80       0.8653  0.9278
 15      5.20       0.9086  0.9521
false-block rate: 7.93%  (лишние торможения)
miss rate       : 0.90%  (риск столкновения)
соотношение fb/miss: 8.82
высота, м   false-block%   miss%
   1.5          6.04       0.64
   2.0          7.93       0.90
   2.5          8.42       1.04
   3.0          8.75       1.16
   3.5          8.97       1.20
   4.0          9.16       1.16
epoch 34  loss 0.1182  21s
IoU занятости  : 0.7730
Dice занятости : 0.8719
  под колёсами    IoU 0.9761  Dice 0.9879
  габарит         IoU 0.6299  Dice 0.7729
  над габаритом   IoU 0.7483  Dice 0.8560
ложные блокировки: pred=618793  gt=719946
слой   высота, м    IoU     Dice
  0     -0.80       0.9971  0.9986
  1     -0.40       0.9793  0.9895
  2      0.00       0.9127  0.9544
  3      0.40       0.7690  0.8694
  4      0.80       0.6223  0.7672
  5      1.20       0.5649  0.7220
  6      1.60       0.5832  0.7367
  7      2.00       0.6233  0.7680
  8      2.40       0.6442  0.7836
  9      2.80       0.6713  0.8034
 10      3.20       0.7007  0.8240
 11      3.60       0.7315  0.8449
 12      4.00       0.7711  0.8707
 13      4.40       0.8178  0.8998
 14      4.80       0.8683  0.9295
 15      5.20       0.9033  0.9492
false-block rate: 7.20%  (лишние торможения)
miss rate       : 1.36%  (риск столкновения)
соотношение fb/miss: 5.31
высота, м   false-block%   miss%
   1.5          5.84       0.80
   2.0          7.20       1.36
   2.5          7.53       1.64
   3.0          7.75       1.88
   3.5          7.89       2.01
   4.0          8.04       1.92
epoch 35  loss 0.1163  21s
IoU занятости  : 0.8089
Dice занятости : 0.8944
  под колёсами    IoU 0.9818  Dice 0.9908
  габарит         IoU 0.7014  Dice 0.8245
  над габаритом   IoU 0.7605  Dice 0.8640
ложные блокировки: pred=680729  gt=719946
слой   высота, м    IoU     Dice
  0     -0.80       0.9971  0.9985
  1     -0.40       0.9843  0.9921
  2      0.00       0.9342  0.9660
  3      0.40       0.8343  0.9096
  4      0.80       0.7284  0.8428
  5      1.20       0.6594  0.7947
  6      1.60       0.6389  0.7796
  7      2.00       0.6471  0.7857
  8      2.40       0.6541  0.7909
  9      2.80       0.6834  0.8120
 10      3.20       0.7109  0.8310
 11      3.60       0.7464  0.8548
 12      4.00       0.7881  0.8815
 13      4.40       0.8325  0.9086
 14      4.80       0.8773  0.9347
 15      5.20       0.9143  0.9552
false-block rate: 4.18%  (лишние торможения)
miss rate       : 4.01%  (риск столкновения)
соотношение fb/miss: 1.04
высота, м   false-block%   miss%
   1.5          3.13       3.70
   2.0          4.18       4.01
   2.5          4.54       4.08
   3.0          4.76       4.18
   3.5          4.92       4.20
   4.0          5.05       4.13
epoch 36  loss 0.1158  21s
IoU занятости  : 0.8003
Dice занятости : 0.8891
  под колёсами    IoU 0.9800  Dice 0.9899
  габарит         IoU 0.7106  Dice 0.8308
  над габаритом   IoU 0.7333  Dice 0.8462
ложные блокировки: pred=695389  gt=719946
слой   высота, м    IoU     Dice
  0     -0.80       0.9976  0.9988
  1     -0.40       0.9823  0.9911
  2      0.00       0.9267  0.9620
  3      0.40       0.8308  0.9076
  4      0.80       0.7388  0.8498
  5      1.20       0.6688  0.8015
  6      1.60       0.6539  0.7907
  7      2.00       0.6569  0.7929
  8      2.40       0.6532  0.7902
  9      2.80       0.6650  0.7988
 10      3.20       0.6776  0.8078
 11      3.60       0.7039  0.8262
 12      4.00       0.7451  0.8539
 13      4.40       0.7942  0.8853
 14      4.80       0.8449  0.9159
 15      5.20       0.8931  0.9435
false-block rate: 4.04%  (лишние торможения)
miss rate       : 3.84%  (риск столкновения)
соотношение fb/miss: 1.05
высота, м   false-block%   miss%
   1.5          3.04       3.43
   2.0          4.04       3.84
   2.5          4.45       3.83
   3.0          4.76       3.84
   3.5          5.06       3.65
   4.0          5.33       3.35
epoch 37  loss 0.1134  20s
IoU занятости  : 0.7994
Dice занятости : 0.8885
  под колёсами    IoU 0.9742  Dice 0.9869
  габарит         IoU 0.6952  Dice 0.8202
  над габаритом   IoU 0.7483  Dice 0.8560
ложные блокировки: pred=670669  gt=719946
слой   высота, м    IoU     Dice
  0     -0.80       0.9961  0.9980
  1     -0.40       0.9765  0.9881
  2      0.00       0.9096  0.9527
  3      0.40       0.7993  0.8884
  4      0.80       0.7060  0.8276
  5      1.20       0.6578  0.7936
  6      1.60       0.6514  0.7889
  7      2.00       0.6537  0.7906
  8      2.40       0.6590  0.7945
  9      2.80       0.6755  0.8063
 10      3.20       0.6932  0.8188
 11      3.60       0.7230  0.8392
 12      4.00       0.7651  0.8669
 13      4.40       0.8142  0.8976
 14      4.80       0.8651  0.9277
 15      5.20       0.9040  0.9496
false-block rate: 4.94%  (лишние торможения)
miss rate       : 2.45%  (риск столкновения)
соотношение fb/miss: 2.01
высота, м   false-block%   miss%
   1.5          3.95       1.79
   2.0          4.94       2.45
   2.5          5.30       2.61
   3.0          5.56       2.76
   3.5          5.80       2.68
   4.0          6.02       2.51
epoch 38  loss 0.1122  21s
IoU занятости  : 0.8109
Dice занятости : 0.8956
  под колёсами    IoU 0.9829  Dice 0.9914
  габарит         IoU 0.6982  Dice 0.8223
  над габаритом   IoU 0.7685  Dice 0.8691
ложные блокировки: pred=669015  gt=719946
слой   высота, м    IoU     Dice
  0     -0.80       0.9977  0.9989
  1     -0.40       0.9854  0.9927
  2      0.00       0.9366  0.9672
  3      0.40       0.8347  0.9099
  4      0.80       0.7234  0.8395
  5      1.20       0.6555  0.7919
  6      1.60       0.6384  0.7793
  7      2.00       0.6415  0.7816
  8      2.40       0.6567  0.7928
  9      2.80       0.6869  0.8144
 10      3.20       0.7198  0.8371
 11      3.60       0.7636  0.8660
 12      4.00       0.8021  0.8902
 13      4.40       0.8412  0.9137
 14      4.80       0.8824  0.9375
 15      5.20       0.9173  0.9569
false-block rate: 4.48%  (лишние торможения)
miss rate       : 3.52%  (риск столкновения)
соотношение fb/miss: 1.27
высота, м   false-block%   miss%
   1.5          3.35       3.27
   2.0          4.48       3.52
   2.5          4.83       3.61
   3.0          5.04       3.76
   3.5          5.17       3.82
   4.0          5.25       3.84
epoch 39  loss 0.1116  20s
IoU занятости  : 0.7984
Dice занятости : 0.8879
  под колёсами    IoU 0.9818  Dice 0.9908
  габарит         IoU 0.6868  Dice 0.8143
  над габаритом   IoU 0.7499  Dice 0.8570
ложные блокировки: pred=663934  gt=719946
слой   высота, м    IoU     Dice
  0     -0.80       0.9979  0.9989
  1     -0.40       0.9851  0.9925
  2      0.00       0.9314  0.9645
  3      0.40       0.8235  0.9032
  4      0.80       0.7120  0.8318
  5      1.20       0.6384  0.7793
  6      1.60       0.6279  0.7714
  7      2.00       0.6353  0.7770
  8      2.40       0.6465  0.7853
  9      2.80       0.6696  0.8021
 10      3.20       0.6989  0.8228
 11      3.60       0.7331  0.8460
 12      4.00       0.7760  0.8739
 13      4.40       0.8207  0.9015
 14      4.80       0.8692  0.9300
 15      5.20       0.9119  0.9539
false-block rate: 4.88%  (лишние торможения)
miss rate       : 2.71%  (риск столкновения)
соотношение fb/miss: 1.80
высота, м   false-block%   miss%
   1.5          3.76       2.26
   2.0          4.88       2.71
   2.5          5.22       2.88
   3.0          5.46       2.99
   3.5          5.64       3.03
   4.0          5.78       2.94
epoch 40  loss 0.1093  20s
IoU занятости  : 0.8018
Dice занятости : 0.8900
  под колёсами    IoU 0.9806  Dice 0.9902
  габарит         IoU 0.6785  Dice 0.8084
  над габаритом   IoU 0.7675  Dice 0.8685
ложные блокировки: pred=650731  gt=719946
слой   высота, м    IoU     Dice
  0     -0.80       0.9976  0.9988
  1     -0.40       0.9836  0.9918
  2      0.00       0.9280  0.9627
  3      0.40       0.8007  0.8893
  4      0.80       0.6794  0.8091
  5      1.20       0.6233  0.7680
  6      1.60       0.6338  0.7759
  7      2.00       0.6570  0.7930
  8      2.40       0.6744  0.8055
  9      2.80       0.6952  0.8202
 10      3.20       0.7190  0.8366
 11      3.60       0.7491  0.8566
 12      4.00       0.7882  0.8816
 13      4.40       0.8300  0.9071
 14      4.80       0.8747  0.9332
 15      5.20       0.9115  0.9537
false-block rate: 5.53%  (лишние торможения)
miss rate       : 2.18%  (риск столкновения)
соотношение fb/miss: 2.54
высота, м   false-block%   miss%
   1.5          4.49       1.45
   2.0          5.53       2.18
   2.5          5.82       2.50
   3.0          6.03       2.70
   3.5          6.18       2.77
   4.0          6.32       2.63
epoch 41  loss 0.1083  20s
IoU занятости  : 0.7480
Dice занятости : 0.8558
  под колёсами    IoU 0.9754  Dice 0.9875
  габарит         IoU 0.6225  Dice 0.7673
  над габаритом   IoU 0.6948  Dice 0.8199
ложные блокировки: pred=628832  gt=719946
слой   высота, м    IoU     Dice
  0     -0.80       0.9963  0.9981
  1     -0.40       0.9793  0.9896
  2      0.00       0.9116  0.9538
  3      0.40       0.7719  0.8712
  4      0.80       0.6385  0.7794
  5      1.20       0.5720  0.7277
  6      1.60       0.5643  0.7214
  7      2.00       0.5779  0.7325
  8      2.40       0.5796  0.7339
  9      2.80       0.5893  0.7416
 10      3.20       0.6192  0.7649
 11      3.60       0.6681  0.8010
 12      4.00       0.7393  0.8501
 13      4.40       0.8093  0.8946
 14      4.80       0.8693  0.9301
 15      5.20       0.9105  0.9531
false-block rate: 7.33%  (лишние торможения)
miss rate       : 1.05%  (риск столкновения)
соотношение fb/miss: 6.98
высота, м   false-block%   miss%
   1.5          5.63       0.72
   2.0          7.33       1.05
   2.5          7.87       1.13
   3.0          8.30       1.17
   3.5          8.60       1.14
   4.0          8.81       1.09
epoch 42  loss 0.1068  21s
IoU занятости  : 0.8078
Dice занятости : 0.8937
  под колёсами    IoU 0.9820  Dice 0.9909
  габарит         IoU 0.7102  Dice 0.8305
  над габаритом   IoU 0.7510  Dice 0.8578
ложные блокировки: pred=679932  gt=719946
слой   высота, м    IoU     Dice
  0     -0.80       0.9978  0.9989
  1     -0.40       0.9849  0.9924
  2      0.00       0.9329  0.9653
  3      0.40       0.8248  0.9040
  4      0.80       0.7269  0.8419
  5      1.20       0.6716  0.8035
  6      1.60       0.6609  0.7958
  7      2.00       0.6610  0.7959
  8      2.40       0.6629  0.7973
  9      2.80       0.6761  0.8068
 10      3.20       0.6966  0.8211
 11      3.60       0.7257  0.8410
 12      4.00       0.7689  0.8694
 13      4.40       0.8200  0.9011
 14      4.80       0.8687  0.9297
 15      5.20       0.9043  0.9497
false-block rate: 4.36%  (лишние торможения)
miss rate       : 2.96%  (риск столкновения)
соотношение fb/miss: 1.47
высота, м   false-block%   miss%
   1.5          3.38       2.46
   2.0          4.36       2.96
   2.5          4.72       3.06
   3.0          5.00       3.12
   3.5          5.22       3.08
   4.0          5.42       2.89
epoch 43  loss 0.1056  20s
IoU занятости  : 0.7655
Dice занятости : 0.8672
  под колёсами    IoU 0.9803  Dice 0.9900
  габарит         IoU 0.6355  Dice 0.7771
  над габаритом   IoU 0.7217  Dice 0.8384
ложные блокировки: pred=638150  gt=719946
слой   высота, м    IoU     Dice
  0     -0.80       0.9979  0.9989
  1     -0.40       0.9840  0.9919
  2      0.00       0.9255  0.9613
  3      0.40       0.8026  0.8905
  4      0.80       0.6751  0.8060
  5      1.20       0.5850  0.7381
  6      1.60       0.5569  0.7154
  7      2.00       0.5781  0.7327
  8      2.40       0.5937  0.7451
  9      2.80       0.6291  0.7723
 10      3.20       0.6687  0.8014
 11      3.60       0.7108  0.8310
 12      4.00       0.7624  0.8652
 13      4.40       0.8134  0.8971
 14      4.80       0.8671  0.9288
 15      5.20       0.9069  0.9512
false-block rate: 6.57%  (лишние торможения)
miss rate       : 1.44%  (риск столкновения)
соотношение fb/miss: 4.56
высота, м   false-block%   miss%
   1.5          4.86       1.17
   2.0          6.57       1.44
   2.5          7.05       1.57
   3.0          7.35       1.66
   3.5          7.56       1.66
   4.0          7.73       1.60
epoch 44  loss 0.1052  21s
IoU занятости  : 0.8183
Dice занятости : 0.9001
  под колёсами    IoU 0.9834  Dice 0.9916
  габарит         IoU 0.7162  Dice 0.8347
  над габаритом   IoU 0.7697  Dice 0.8699
ложные блокировки: pred=684596  gt=719946
слой   высота, м    IoU     Dice
  0     -0.80       0.9979  0.9990
  1     -0.40       0.9854  0.9926
  2      0.00       0.9383  0.9682
  3      0.40       0.8413  0.9138
  4      0.80       0.7389  0.8499
  5      1.20       0.6722  0.8040
  6      1.60       0.6574  0.7933
  7      2.00       0.6691  0.8017
  8      2.40       0.6785  0.8085
  9      2.80       0.6990  0.8229
 10      3.20       0.7194  0.8368
 11      3.60       0.7508  0.8577
 12      4.00       0.7911  0.8833
 13      4.40       0.8308  0.9076
 14      4.80       0.8744  0.9330
 15      5.20       0.9119  0.9539
false-block rate: 3.96%  (лишние торможения)
miss rate       : 3.81%  (риск столкновения)
соотношение fb/miss: 1.04
высота, м   false-block%   miss%
   1.5          3.01       3.42
   2.0          3.96       3.81
   2.5          4.27       3.95
   3.0          4.49       4.00
   3.5          4.66       3.93
   4.0          4.82       3.75
epoch 45  loss 0.1045  21s
IoU занятости  : 0.7965
Dice занятости : 0.8867
  под колёсами    IoU 0.9825  Dice 0.9912
  габарит         IoU 0.6813  Dice 0.8105
  над габаритом   IoU 0.7505  Dice 0.8575
ложные блокировки: pred=662600  gt=719946
слой   высота, м    IoU     Dice
  0     -0.80       0.9979  0.9990
  1     -0.40       0.9853  0.9926
  2      0.00       0.9346  0.9662
  3      0.40       0.8247  0.9040
  4      0.80       0.7064  0.8280
  5      1.20       0.6348  0.7766
  6      1.60       0.6169  0.7631
  7      2.00       0.6294  0.7726
  8      2.40       0.6412  0.7814
  9      2.80       0.6664  0.7998
 10      3.20       0.6984  0.8224
 11      3.60       0.7361  0.8480
 12      4.00       0.7830  0.8783
 13      4.40       0.8280  0.9059
 14      4.80       0.8746  0.9331
 15      5.20       0.9141  0.9551
false-block rate: 5.23%  (лишние торможения)
miss rate       : 2.29%  (риск столкновения)
соотношение fb/miss: 2.28
высота, м   false-block%   miss%
   1.5          3.93       1.95
   2.0          5.23       2.29
   2.5          5.63       2.41
   3.0          5.92       2.48
   3.5          6.10       2.50
   4.0          6.26       2.40
epoch 46  loss 0.1036  20s
IoU занятости  : 0.7984
Dice занятости : 0.8879
  под колёсами    IoU 0.9812  Dice 0.9905
  габарит         IoU 0.6905  Dice 0.8169
  над габаритом   IoU 0.7472  Dice 0.8553
ложные блокировки: pred=667300  gt=719946
слой   высота, м    IoU     Dice
  0     -0.80       0.9977  0.9988
  1     -0.40       0.9833  0.9916
  2      0.00       0.9308  0.9641
  3      0.40       0.8137  0.8973
  4      0.80       0.7035  0.8259
  5      1.20       0.6443  0.7837
  6      1.60       0.6395  0.7801
  7      2.00       0.6506  0.7883
  8      2.40       0.6609  0.7958
  9      2.80       0.6761  0.8067
 10      3.20       0.6920  0.8179
 11      3.60       0.7185  0.8362
 12      4.00       0.7642  0.8663
 13      4.40       0.8129  0.8968
 14      4.80       0.8626  0.9262
 15      5.20       0.9043  0.9498
false-block rate: 5.11%  (лишние торможения)
miss rate       : 2.08%  (риск столкновения)
соотношение fb/miss: 2.46
высота, м   false-block%   miss%
   1.5          4.03       1.52
   2.0          5.11       2.08
   2.5          5.46       2.29
   3.0          5.73       2.41
   3.5          5.97       2.36
   4.0          6.20       2.16
epoch 47  loss 0.1023  20s
IoU занятости  : 0.7794
Dice занятости : 0.8760
  под колёсами    IoU 0.9820  Dice 0.9909
  габарит         IoU 0.6576  Dice 0.7934
  над габаритом   IoU 0.7328  Dice 0.8458
ложные блокировки: pred=650978  gt=719946
слой   высота, м    IoU     Dice
  0     -0.80       0.9977  0.9988
  1     -0.40       0.9851  0.9925
  2      0.00       0.9327  0.9652
  3      0.40       0.8188  0.9004
  4      0.80       0.6915  0.8176
  5      1.20       0.6079  0.7562
  6      1.60       0.5863  0.7392
  7      2.00       0.5988  0.7491
  8      2.40       0.6219  0.7668
  9      2.80       0.6495  0.7875
 10      3.20       0.6805  0.8099
 11      3.60       0.7169  0.8351
 12      4.00       0.7619  0.8649
 13      4.40       0.8107  0.8955
 14      4.80       0.8637  0.9268
 15      5.20       0.9028  0.9489
false-block rate: 5.86%  (лишние торможения)
miss rate       : 1.79%  (риск столкновения)
соотношение fb/miss: 3.27
высота, м   false-block%   miss%
   1.5          4.33       1.55
   2.0          5.86       1.79
   2.5          6.28       1.93
   3.0          6.57       2.04
   3.5          6.77       2.07
   4.0          6.94       1.95
epoch 48  loss 0.1020  20s
IoU занятости  : 0.8159
Dice занятости : 0.8986
  под колёсами    IoU 0.9830  Dice 0.9914
  габарит         IoU 0.7087  Dice 0.8295
  над габаритом   IoU 0.7715  Dice 0.8710
ложные блокировки: pred=672210  gt=719946
слой   высота, м    IoU     Dice
  0     -0.80       0.9978  0.9989
  1     -0.40       0.9857  0.9928
  2      0.00       0.9363  0.9671
  3      0.40       0.8317  0.9081
  4      0.80       0.7236  0.8396
  5      1.20       0.6597  0.7949
  6      1.60       0.6551  0.7916
  7      2.00       0.6712  0.8033
  8      2.40       0.6766  0.8071
  9      2.80       0.7004  0.8238
 10      3.20       0.7231  0.8393
 11      3.60       0.7522  0.8586
 12      4.00       0.7926  0.8843
 13      4.40       0.8363  0.9108
 14      4.80       0.8788  0.9355
 15      5.20       0.9139  0.9550
false-block rate: 4.42%  (лишние торможения)
miss rate       : 3.06%  (риск столкновения)
соотношение fb/miss: 1.44
высота, м   false-block%   miss%
   1.5          3.48       2.47
   2.0          4.42       3.06
   2.5          4.74       3.21
   3.0          4.94       3.39
   3.5          5.08       3.43
   4.0          5.23       3.25
epoch 49  loss 0.1008  21s
IoU занятости  : 0.7987
Dice занятости : 0.8881
  под колёсами    IoU 0.9831  Dice 0.9915
  габарит         IoU 0.6944  Dice 0.8196
  над габаритом   IoU 0.7436  Dice 0.8529
ложные блокировки: pred=672910  gt=719946
слой   высота, м    IoU     Dice
  0     -0.80       0.9976  0.9988
  1     -0.40       0.9856  0.9928
  2      0.00       0.9374  0.9677
  3      0.40       0.8348  0.9100
  4      0.80       0.7246  0.8403
  5      1.20       0.6484  0.7867
  6      1.60       0.6308  0.7736
  7      2.00       0.6376  0.7787
  8      2.40       0.6461  0.7850
  9      2.80       0.6659  0.7994
 10      3.20       0.6871  0.8145
 11      3.60       0.7183  0.8361
 12      4.00       0.7659  0.8675
 13      4.40       0.8199  0.9011
 14      4.80       0.8694  0.9301
 15      5.20       0.9077  0.9516
false-block rate: 4.77%  (лишние торможения)
miss rate       : 2.59%  (риск столкновения)
соотношение fb/miss: 1.84
высота, м   false-block%   miss%
   1.5          3.54       2.33
   2.0          4.77       2.59
   2.5          5.18       2.66
   3.0          5.48       2.72
   3.5          5.71       2.67
   4.0          5.93       2.49
epoch 50  loss 0.1005  21s
IoU занятости  : 0.7985
Dice занятости : 0.8880
  под колёсами    IoU 0.9814  Dice 0.9906
  габарит         IoU 0.6885  Dice 0.8155
  над габаритом   IoU 0.7495  Dice 0.8568
ложные блокировки: pred=666277  gt=719946
слой   высота, м    IoU     Dice
  0     -0.80       0.9977  0.9988
  1     -0.40       0.9834  0.9916
  2      0.00       0.9317  0.9646
  3      0.40       0.8212  0.9018
  4      0.80       0.7078  0.8289
  5      1.20       0.6409  0.7811
  6      1.60       0.6317  0.7743
  7      2.00       0.6428  0.7826
  8      2.40       0.6544  0.7911
  9      2.80       0.6737  0.8051
 10      3.20       0.6959  0.8207
 11      3.60       0.7268  0.8418
 12      4.00       0.7693  0.8696
 13      4.40       0.8193  0.9007
 14      4.80       0.8698  0.9304
 15      5.20       0.9090  0.9524
false-block rate: 5.07%  (лишние торможения)
miss rate       : 2.19%  (риск столкновения)
соотношение fb/miss: 2.32
высота, м   false-block%   miss%
   1.5          3.90       1.76
   2.0          5.07       2.19
   2.5          5.44       2.35
   3.0          5.71       2.46
   3.5          5.92       2.45
   4.0          6.11       2.31
epoch 51  loss 0.0994  21s
IoU занятости  : 0.8055
Dice занятости : 0.8923
  под колёсами    IoU 0.9831  Dice 0.9915
  габарит         IoU 0.7016  Dice 0.8247
  над габаритом   IoU 0.7531  Dice 0.8592
ложные блокировки: pred=674911  gt=719946
слой   высота, м    IoU     Dice
  0     -0.80       0.9978  0.9989
  1     -0.40       0.9856  0.9927
  2      0.00       0.9371  0.9675
  3      0.40       0.8334  0.9091
  4      0.80       0.7254  0.8408
  5      1.20       0.6550  0.7915
  6      1.60       0.6424  0.7823
  7      2.00       0.6530  0.7901
  8      2.40       0.6608  0.7958
  9      2.80       0.6783  0.8083
 10      3.20       0.6989  0.8228
 11      3.60       0.7300  0.8439
 12      4.00       0.7737  0.8724
 13      4.40       0.8216  0.9021
 14      4.80       0.8696  0.9303
 15      5.20       0.9085  0.9521
false-block rate: 4.57%  (лишние торможения)
miss rate       : 2.75%  (риск столкновения)
соотношение fb/miss: 1.66
высота, м   false-block%   miss%
   1.5          3.48       2.34
   2.0          4.57       2.75
   2.5          4.92       2.87
   3.0          5.19       2.93
   3.5          5.40       2.89
   4.0          5.59       2.71
epoch 52  loss 0.0998  21s
IoU занятости  : 0.8164
Dice занятости : 0.8989
  под колёсами    IoU 0.9833  Dice 0.9916
  габарит         IoU 0.7124  Dice 0.8320
  над габаритом   IoU 0.7692  Dice 0.8696
ложные блокировки: pred=677825  gt=719946
слой   высота, м    IoU     Dice
  0     -0.80       0.9978  0.9989
  1     -0.40       0.9856  0.9928
  2      0.00       0.9379  0.9680
  3      0.40       0.8376  0.9116
  4      0.80       0.7353  0.8474
  5      1.20       0.6653  0.7990
  6      1.60       0.6553  0.7918
  7      2.00       0.6665  0.7999
  8      2.40       0.6746  0.8057
  9      2.80       0.6937  0.8192
 10      3.20       0.7157  0.8343
 11      3.60       0.7504  0.8574
 12      4.00       0.7937  0.8850
 13      4.40       0.8375  0.9115
 14      4.80       0.8819  0.9372
 15      5.20       0.9188  0.9577
false-block rate: 4.20%  (лишние торможения)
miss rate       : 3.23%  (риск столкновения)
соотношение fb/miss: 1.30
высота, м   false-block%   miss%
   1.5          3.24       2.77
   2.0          4.20       3.23
   2.5          4.53       3.37
   3.0          4.75       3.47
   3.5          4.93       3.46
   4.0          5.07       3.31
epoch 53  loss 0.0980  21s
IoU занятости  : 0.8150
Dice занятости : 0.8981
  под колёсами    IoU 0.9832  Dice 0.9915
  габарит         IoU 0.7153  Dice 0.8340
  над габаритом   IoU 0.7634  Dice 0.8658
ложные блокировки: pred=681348  gt=719946
слой   высота, м    IoU     Dice
  0     -0.80       0.9978  0.9989
  1     -0.40       0.9857  0.9928
  2      0.00       0.9374  0.9677
  3      0.40       0.8356  0.9105
  4      0.80       0.7333  0.8462
  5      1.20       0.6694  0.8020
  6      1.60       0.6625  0.7970
  7      2.00       0.6721  0.8039
  8      2.40       0.6763  0.8069
  9      2.80       0.6920  0.8180
 10      3.20       0.7100  0.8304
 11      3.60       0.7394  0.8502
 12      4.00       0.7810  0.8770
 13      4.40       0.8273  0.9055
 14      4.80       0.8747  0.9331
 15      5.20       0.9127  0.9544
false-block rate: 4.22%  (лишние торможения)
miss rate       : 3.03%  (риск столкновения)
соотношение fb/miss: 1.39
высота, м   false-block%   miss%
   1.5          3.27       2.55
   2.0          4.22       3.03
   2.5          4.56       3.15
   3.0          4.81       3.23
   3.5          5.00       3.17
   4.0          5.19       2.97
epoch 54  loss 0.0976  21s
IoU занятости  : 0.8078
Dice занятости : 0.8937
  под колёсами    IoU 0.9829  Dice 0.9914
  габарит         IoU 0.7004  Dice 0.8238
  над габаритом   IoU 0.7599  Dice 0.8636
ложные блокировки: pred=670414  gt=719946
слой   высота, м    IoU     Dice
  0     -0.80       0.9978  0.9989
  1     -0.40       0.9856  0.9927
  2      0.00       0.9365  0.9672
  3      0.40       0.8307  0.9075
  4      0.80       0.7210  0.8379
  5      1.20       0.6523  0.7896
  6      1.60       0.6427  0.7825
  7      2.00       0.6563  0.7925
  8      2.40       0.6657  0.7993
  9      2.80       0.6846  0.8128
 10      3.20       0.7069  0.8283
 11      3.60       0.7367  0.8484
 12      4.00       0.7823  0.8778
 13      4.40       0.8300  0.9071
 14      4.80       0.8760  0.9339
 15      5.20       0.9133  0.9547
false-block rate: 4.68%  (лишние торможения)
miss rate       : 2.55%  (риск столкновения)
соотношение fb/miss: 1.84
высота, м   false-block%   miss%
   1.5          3.60       2.11
   2.0          4.68       2.55
   2.5          5.02       2.69
   3.0          5.27       2.80
   3.5          5.46       2.80
   4.0          5.65       2.60
epoch 55  loss 0.0975  20s
IoU занятости  : 0.8092
Dice занятости : 0.8946
  под колёсами    IoU 0.9831  Dice 0.9915
  габарит         IoU 0.7069  Dice 0.8283
  над габаритом   IoU 0.7573  Dice 0.8619
ложные блокировки: pred=676546  gt=719946
слой   высота, м    IoU     Dice
  0     -0.80       0.9978  0.9989
  1     -0.40       0.9858  0.9928
  2      0.00       0.9371  0.9675
  3      0.40       0.8330  0.9089
  4      0.80       0.7258  0.8411
  5      1.20       0.6597  0.7949
  6      1.60       0.6521  0.7894
  7      2.00       0.6627  0.7972
  8      2.40       0.6684  0.8012
  9      2.80       0.6835  0.8120
 10      3.20       0.7026  0.8253
 11      3.60       0.7311  0.8447
 12      4.00       0.7774  0.8748
 13      4.40       0.8254  0.9044
 14      4.80       0.8733  0.9324
 15      5.20       0.9110  0.9535
false-block rate: 4.49%  (лишние торможения)
miss rate       : 2.72%  (риск столкновения)
соотношение fb/miss: 1.65
высота, м   false-block%   miss%
   1.5          3.46       2.29
   2.0          4.49       2.72
   2.5          4.84       2.84
   3.0          5.11       2.90
   3.5          5.32       2.85
   4.0          5.54       2.62
epoch 56  loss 0.0968  20s
IoU занятости  : 0.8073
Dice занятости : 0.8934
  под колёсами    IoU 0.9827  Dice 0.9913
  габарит         IoU 0.7044  Dice 0.8266
  над габаритом   IoU 0.7552  Dice 0.8605
ложные блокировки: pred=675159  gt=719946
слой   высота, м    IoU     Dice
  0     -0.80       0.9978  0.9989
  1     -0.40       0.9854  0.9926
  2      0.00       0.9356  0.9667
  3      0.40       0.8297  0.9069
  4      0.80       0.7254  0.8409
  5      1.20       0.6594  0.7947
  6      1.60       0.6486  0.7868
  7      2.00       0.6574  0.7933
  8      2.40       0.6640  0.7981
  9      2.80       0.6806  0.8099
 10      3.20       0.7000  0.8235
 11      3.60       0.7307  0.8444
 12      4.00       0.7750  0.8732
 13      4.40       0.8240  0.9035
 14      4.80       0.8728  0.9321
 15      5.20       0.9118  0.9539
false-block rate: 4.56%  (лишние торможения)
miss rate       : 2.63%  (риск столкновения)
соотношение fb/miss: 1.73
высота, м   false-block%   miss%
   1.5          3.50       2.18
   2.0          4.56       2.63
   2.5          4.92       2.76
   3.0          5.19       2.84
   3.5          5.41       2.79
   4.0          5.61       2.60
epoch 57  loss 0.0976  21s
IoU занятости  : 0.8062
Dice занятости : 0.8927
  под колёсами    IoU 0.9828  Dice 0.9913
  габарит         IoU 0.7033  Dice 0.8258
  над габаритом   IoU 0.7535  Dice 0.8594
ложные блокировки: pred=675468  gt=719946
слой   высота, м    IoU     Dice
  0     -0.80       0.9979  0.9989
  1     -0.40       0.9853  0.9926
  2      0.00       0.9362  0.9670
  3      0.40       0.8323  0.9084
  4      0.80       0.7266  0.8417
  5      1.20       0.6586  0.7942
  6      1.60       0.6454  0.7845
  7      2.00       0.6536  0.7905
  8      2.40       0.6602  0.7953
  9      2.80       0.6772  0.8075
 10      3.20       0.6983  0.8223
 11      3.60       0.7285  0.8429
 12      4.00       0.7755  0.8736
 13      4.40       0.8249  0.9040
 14      4.80       0.8732  0.9323
 15      5.20       0.9114  0.9536
false-block rate: 4.58%  (лишние торможения)
miss rate       : 2.58%  (риск столкновения)
соотношение fb/miss: 1.78
высота, м   false-block%   miss%
   1.5          3.49       2.20
   2.0          4.58       2.58
   2.5          4.95       2.69
   3.0          5.23       2.76
   3.5          5.44       2.70
   4.0          5.65       2.50
epoch 58  loss 0.0977  21s
IoU занятости  : 0.8062
Dice занятости : 0.8927
  под колёсами    IoU 0.9828  Dice 0.9913
  габарит         IoU 0.7026  Dice 0.8254
  над габаритом   IoU 0.7541  Dice 0.8598
ложные блокировки: pred=674926  gt=719946
слой   высота, м    IoU     Dice
  0     -0.80       0.9979  0.9989
  1     -0.40       0.9853  0.9926
  2      0.00       0.9358  0.9668
  3      0.40       0.8302  0.9072
  4      0.80       0.7245  0.8402
  5      1.20       0.6572  0.7932
  6      1.60       0.6455  0.7846
  7      2.00       0.6551  0.7916
  8      2.40       0.6617  0.7964
  9      2.80       0.6789  0.8088
 10      3.20       0.6996  0.8233
 11      3.60       0.7292  0.8434
 12      4.00       0.7757  0.8737
 13      4.40       0.8241  0.9036
 14      4.80       0.8719  0.9316
 15      5.20       0.9103  0.9530
false-block rate: 4.60%  (лишние торможения)
miss rate       : 2.59%  (риск столкновения)
соотношение fb/miss: 1.78
высота, м   false-block%   miss%
   1.5          3.53       2.16
   2.0          4.60       2.59
   2.5          4.96       2.72
   3.0          5.24       2.78
   3.5          5.45       2.75
   4.0          5.67       2.53
epoch 59  loss 0.0968  21s
IoU занятости  : 0.8066
Dice занятости : 0.8929
  под колёсами    IoU 0.9826  Dice 0.9912
  габарит         IoU 0.7034  Dice 0.8259
  над габаритом   IoU 0.7543  Dice 0.8599
ложные блокировки: pred=676015  gt=719946
слой   высота, м    IoU     Dice
  0     -0.80       0.9979  0.9989
  1     -0.40       0.9851  0.9925
  2      0.00       0.9353  0.9666
  3      0.40       0.8307  0.9075
  4      0.80       0.7264  0.8415
  5      1.20       0.6581  0.7938
  6      1.60       0.6462  0.7851
  7      2.00       0.6547  0.7913
  8      2.40       0.6614  0.7962
  9      2.80       0.6785  0.8084
 10      3.20       0.6992  0.8230
 11      3.60       0.7296  0.8437
 12      4.00       0.7765  0.8742
 13      4.40       0.8249  0.9040
 14      4.80       0.8732  0.9323
 15      5.20       0.9110  0.9534
false-block rate: 4.55%  (лишние торможения)
miss rate       : 2.71%  (риск столкновения)
соотношение fb/miss: 1.68
высота, м   false-block%   miss%
   1.5          3.48       2.27
   2.0          4.55       2.71
   2.5          4.92       2.82
   3.0          5.20       2.87
   3.5          5.42       2.84
   4.0          5.62       2.64
веса сохранены в occ_bevfusion.pth
